Archive member included to satisfy reference by file (symbol)

/media/algobel/EXT4/stm32Freertos/makeself_dir_w3CniK/y/plugins/com.st.stm32cube.ide.mcu.externaltools.gnu-tools-for-stm32.10.3-2021.10.linux64_1.0.200.202301161003/tools/bin/../lib/gcc/arm-none-eabi/10.3.1/../../../../arm-none-eabi/lib/thumb/v7e-m+fp/hard/libc_nano.a(lib_a-exit.o)
                              /media/algobel/EXT4/stm32Freertos/makeself_dir_w3CniK/y/plugins/com.st.stm32cube.ide.mcu.externaltools.gnu-tools-for-stm32.10.3-2021.10.linux64_1.0.200.202301161003/tools/bin/../lib/gcc/arm-none-eabi/10.3.1/../../../../arm-none-eabi/lib/thumb/v7e-m+fp/hard/crt0.o (exit)
/media/algobel/EXT4/stm32Freertos/makeself_dir_w3CniK/y/plugins/com.st.stm32cube.ide.mcu.externaltools.gnu-tools-for-stm32.10.3-2021.10.linux64_1.0.200.202301161003/tools/bin/../lib/gcc/arm-none-eabi/10.3.1/../../../../arm-none-eabi/lib/thumb/v7e-m+fp/hard/libc_nano.a(lib_a-impure.o)
                              /media/algobel/EXT4/stm32Freertos/makeself_dir_w3CniK/y/plugins/com.st.stm32cube.ide.mcu.externaltools.gnu-tools-for-stm32.10.3-2021.10.linux64_1.0.200.202301161003/tools/bin/../lib/gcc/arm-none-eabi/10.3.1/../../../../arm-none-eabi/lib/thumb/v7e-m+fp/hard/libc_nano.a(lib_a-exit.o) (_global_impure_ptr)
/media/algobel/EXT4/stm32Freertos/makeself_dir_w3CniK/y/plugins/com.st.stm32cube.ide.mcu.externaltools.gnu-tools-for-stm32.10.3-2021.10.linux64_1.0.200.202301161003/tools/bin/../lib/gcc/arm-none-eabi/10.3.1/../../../../arm-none-eabi/lib/thumb/v7e-m+fp/hard/libc_nano.a(lib_a-init.o)
                              /media/algobel/EXT4/stm32Freertos/makeself_dir_w3CniK/y/plugins/com.st.stm32cube.ide.mcu.externaltools.gnu-tools-for-stm32.10.3-2021.10.linux64_1.0.200.202301161003/tools/bin/../lib/gcc/arm-none-eabi/10.3.1/../../../../arm-none-eabi/lib/thumb/v7e-m+fp/hard/crt0.o (__libc_init_array)
/media/algobel/EXT4/stm32Freertos/makeself_dir_w3CniK/y/plugins/com.st.stm32cube.ide.mcu.externaltools.gnu-tools-for-stm32.10.3-2021.10.linux64_1.0.200.202301161003/tools/bin/../lib/gcc/arm-none-eabi/10.3.1/../../../../arm-none-eabi/lib/thumb/v7e-m+fp/hard/libc_nano.a(lib_a-memset.o)
                              /media/algobel/EXT4/stm32Freertos/makeself_dir_w3CniK/y/plugins/com.st.stm32cube.ide.mcu.externaltools.gnu-tools-for-stm32.10.3-2021.10.linux64_1.0.200.202301161003/tools/bin/../lib/gcc/arm-none-eabi/10.3.1/../../../../arm-none-eabi/lib/thumb/v7e-m+fp/hard/crt0.o (memset)
/media/algobel/EXT4/stm32Freertos/makeself_dir_w3CniK/y/plugins/com.st.stm32cube.ide.mcu.externaltools.gnu-tools-for-stm32.10.3-2021.10.linux64_1.0.200.202301161003/tools/bin/../lib/gcc/arm-none-eabi/10.3.1/../../../../arm-none-eabi/lib/thumb/v7e-m+fp/hard/libnosys.a(_exit.o)
                              /media/algobel/EXT4/stm32Freertos/makeself_dir_w3CniK/y/plugins/com.st.stm32cube.ide.mcu.externaltools.gnu-tools-for-stm32.10.3-2021.10.linux64_1.0.200.202301161003/tools/bin/../lib/gcc/arm-none-eabi/10.3.1/../../../../arm-none-eabi/lib/thumb/v7e-m+fp/hard/libc_nano.a(lib_a-exit.o) (_exit)

Discarded input sections

 .text          0x0000000000000000        0x0 /media/algobel/EXT4/stm32Freertos/makeself_dir_w3CniK/y/plugins/com.st.stm32cube.ide.mcu.externaltools.gnu-tools-for-stm32.10.3-2021.10.linux64_1.0.200.202301161003/tools/bin/../lib/gcc/arm-none-eabi/10.3.1/thumb/v7e-m+fp/hard/crti.o
 .data          0x0000000000000000        0x0 /media/algobel/EXT4/stm32Freertos/makeself_dir_w3CniK/y/plugins/com.st.stm32cube.ide.mcu.externaltools.gnu-tools-for-stm32.10.3-2021.10.linux64_1.0.200.202301161003/tools/bin/../lib/gcc/arm-none-eabi/10.3.1/thumb/v7e-m+fp/hard/crti.o
 .bss           0x0000000000000000        0x0 /media/algobel/EXT4/stm32Freertos/makeself_dir_w3CniK/y/plugins/com.st.stm32cube.ide.mcu.externaltools.gnu-tools-for-stm32.10.3-2021.10.linux64_1.0.200.202301161003/tools/bin/../lib/gcc/arm-none-eabi/10.3.1/thumb/v7e-m+fp/hard/crti.o
 .data          0x0000000000000000        0x4 /media/algobel/EXT4/stm32Freertos/makeself_dir_w3CniK/y/plugins/com.st.stm32cube.ide.mcu.externaltools.gnu-tools-for-stm32.10.3-2021.10.linux64_1.0.200.202301161003/tools/bin/../lib/gcc/arm-none-eabi/10.3.1/thumb/v7e-m+fp/hard/crtbegin.o
 .rodata        0x0000000000000000       0x24 /media/algobel/EXT4/stm32Freertos/makeself_dir_w3CniK/y/plugins/com.st.stm32cube.ide.mcu.externaltools.gnu-tools-for-stm32.10.3-2021.10.linux64_1.0.200.202301161003/tools/bin/../lib/gcc/arm-none-eabi/10.3.1/thumb/v7e-m+fp/hard/crtbegin.o
 .text          0x0000000000000000       0x7c /media/algobel/EXT4/stm32Freertos/makeself_dir_w3CniK/y/plugins/com.st.stm32cube.ide.mcu.externaltools.gnu-tools-for-stm32.10.3-2021.10.linux64_1.0.200.202301161003/tools/bin/../lib/gcc/arm-none-eabi/10.3.1/../../../../arm-none-eabi/lib/thumb/v7e-m+fp/hard/crt0.o
 .data          0x0000000000000000        0x0 /media/algobel/EXT4/stm32Freertos/makeself_dir_w3CniK/y/plugins/com.st.stm32cube.ide.mcu.externaltools.gnu-tools-for-stm32.10.3-2021.10.linux64_1.0.200.202301161003/tools/bin/../lib/gcc/arm-none-eabi/10.3.1/../../../../arm-none-eabi/lib/thumb/v7e-m+fp/hard/crt0.o
 .bss           0x0000000000000000        0x0 /media/algobel/EXT4/stm32Freertos/makeself_dir_w3CniK/y/plugins/com.st.stm32cube.ide.mcu.externaltools.gnu-tools-for-stm32.10.3-2021.10.linux64_1.0.200.202301161003/tools/bin/../lib/gcc/arm-none-eabi/10.3.1/../../../../arm-none-eabi/lib/thumb/v7e-m+fp/hard/crt0.o
 .ARM.extab     0x0000000000000000        0x0 /media/algobel/EXT4/stm32Freertos/makeself_dir_w3CniK/y/plugins/com.st.stm32cube.ide.mcu.externaltools.gnu-tools-for-stm32.10.3-2021.10.linux64_1.0.200.202301161003/tools/bin/../lib/gcc/arm-none-eabi/10.3.1/../../../../arm-none-eabi/lib/thumb/v7e-m+fp/hard/crt0.o
 .ARM.exidx     0x0000000000000000       0x10 /media/algobel/EXT4/stm32Freertos/makeself_dir_w3CniK/y/plugins/com.st.stm32cube.ide.mcu.externaltools.gnu-tools-for-stm32.10.3-2021.10.linux64_1.0.200.202301161003/tools/bin/../lib/gcc/arm-none-eabi/10.3.1/../../../../arm-none-eabi/lib/thumb/v7e-m+fp/hard/crt0.o
 .ARM.attributes
                0x0000000000000000       0x1c /media/algobel/EXT4/stm32Freertos/makeself_dir_w3CniK/y/plugins/com.st.stm32cube.ide.mcu.externaltools.gnu-tools-for-stm32.10.3-2021.10.linux64_1.0.200.202301161003/tools/bin/../lib/gcc/arm-none-eabi/10.3.1/../../../../arm-none-eabi/lib/thumb/v7e-m+fp/hard/crt0.o
 .group         0x0000000000000000        0xc ./Src/test_led.o
 .group         0x0000000000000000        0xc ./Src/test_led.o
 .group         0x0000000000000000        0xc ./Src/test_led.o
 .group         0x0000000000000000        0xc ./Src/test_led.o
 .group         0x0000000000000000        0xc ./Src/test_led.o
 .group         0x0000000000000000        0xc ./Src/test_led.o
 .group         0x0000000000000000        0xc ./Src/test_led.o
 .group         0x0000000000000000        0xc ./Src/test_led.o
 .text          0x0000000000000000        0x0 ./Src/test_led.o
 .data          0x0000000000000000        0x0 ./Src/test_led.o
 .bss           0x0000000000000000        0x0 ./Src/test_led.o
 .text          0x0000000000000000       0x14 ./Startup/startup_stm32l476rgtx.o
 .data          0x0000000000000000        0x0 ./Startup/startup_stm32l476rgtx.o
 .bss           0x0000000000000000        0x0 ./Startup/startup_stm32l476rgtx.o
 .group         0x0000000000000000        0xc ./drivers/src/stm32l476_gpio_drivers.o
 .group         0x0000000000000000        0xc ./drivers/src/stm32l476_gpio_drivers.o
 .group         0x0000000000000000        0xc ./drivers/src/stm32l476_gpio_drivers.o
 .group         0x0000000000000000        0xc ./drivers/src/stm32l476_gpio_drivers.o
 .group         0x0000000000000000        0xc ./drivers/src/stm32l476_gpio_drivers.o
 .group         0x0000000000000000        0xc ./drivers/src/stm32l476_gpio_drivers.o
 .group         0x0000000000000000        0xc ./drivers/src/stm32l476_gpio_drivers.o
 .group         0x0000000000000000        0xc ./drivers/src/stm32l476_gpio_drivers.o
 .text          0x0000000000000000        0x0 ./drivers/src/stm32l476_gpio_drivers.o
 .data          0x0000000000000000        0x0 ./drivers/src/stm32l476_gpio_drivers.o
 .bss           0x0000000000000000        0x0 ./drivers/src/stm32l476_gpio_drivers.o
 .debug_info    0x0000000000000000       0x68 ./drivers/src/stm32l476_gpio_drivers.o
 .debug_abbrev  0x0000000000000000       0x29 ./drivers/src/stm32l476_gpio_drivers.o
 .debug_aranges
                0x0000000000000000       0x18 ./drivers/src/stm32l476_gpio_drivers.o
 .debug_macro   0x0000000000000000       0x7c ./drivers/src/stm32l476_gpio_drivers.o
 .debug_macro   0x0000000000000000      0xa7e ./drivers/src/stm32l476_gpio_drivers.o
 .debug_macro   0x0000000000000000       0x22 ./drivers/src/stm32l476_gpio_drivers.o
 .debug_macro   0x0000000000000000       0x8e ./drivers/src/stm32l476_gpio_drivers.o
 .debug_macro   0x0000000000000000       0x51 ./drivers/src/stm32l476_gpio_drivers.o
 .debug_macro   0x0000000000000000      0x103 ./drivers/src/stm32l476_gpio_drivers.o
 .debug_macro   0x0000000000000000       0x6a ./drivers/src/stm32l476_gpio_drivers.o
 .debug_macro   0x0000000000000000      0x1df ./drivers/src/stm32l476_gpio_drivers.o
 .debug_macro   0x0000000000000000      0x148 ./drivers/src/stm32l476_gpio_drivers.o
 .debug_line    0x0000000000000000      0x45c ./drivers/src/stm32l476_gpio_drivers.o
 .debug_str     0x0000000000000000     0x4426 ./drivers/src/stm32l476_gpio_drivers.o
 .comment       0x0000000000000000       0x51 ./drivers/src/stm32l476_gpio_drivers.o
 .ARM.attributes
                0x0000000000000000       0x34 ./drivers/src/stm32l476_gpio_drivers.o
 .text          0x0000000000000000        0x0 /media/algobel/EXT4/stm32Freertos/makeself_dir_w3CniK/y/plugins/com.st.stm32cube.ide.mcu.externaltools.gnu-tools-for-stm32.10.3-2021.10.linux64_1.0.200.202301161003/tools/bin/../lib/gcc/arm-none-eabi/10.3.1/../../../../arm-none-eabi/lib/thumb/v7e-m+fp/hard/libc_nano.a(lib_a-exit.o)
 .data          0x0000000000000000        0x0 /media/algobel/EXT4/stm32Freertos/makeself_dir_w3CniK/y/plugins/com.st.stm32cube.ide.mcu.externaltools.gnu-tools-for-stm32.10.3-2021.10.linux64_1.0.200.202301161003/tools/bin/../lib/gcc/arm-none-eabi/10.3.1/../../../../arm-none-eabi/lib/thumb/v7e-m+fp/hard/libc_nano.a(lib_a-exit.o)
 .bss           0x0000000000000000        0x0 /media/algobel/EXT4/stm32Freertos/makeself_dir_w3CniK/y/plugins/com.st.stm32cube.ide.mcu.externaltools.gnu-tools-for-stm32.10.3-2021.10.linux64_1.0.200.202301161003/tools/bin/../lib/gcc/arm-none-eabi/10.3.1/../../../../arm-none-eabi/lib/thumb/v7e-m+fp/hard/libc_nano.a(lib_a-exit.o)
 .text.exit     0x0000000000000000       0x28 /media/algobel/EXT4/stm32Freertos/makeself_dir_w3CniK/y/plugins/com.st.stm32cube.ide.mcu.externaltools.gnu-tools-for-stm32.10.3-2021.10.linux64_1.0.200.202301161003/tools/bin/../lib/gcc/arm-none-eabi/10.3.1/../../../../arm-none-eabi/lib/thumb/v7e-m+fp/hard/libc_nano.a(lib_a-exit.o)
 .debug_frame   0x0000000000000000       0x28 /media/algobel/EXT4/stm32Freertos/makeself_dir_w3CniK/y/plugins/com.st.stm32cube.ide.mcu.externaltools.gnu-tools-for-stm32.10.3-2021.10.linux64_1.0.200.202301161003/tools/bin/../lib/gcc/arm-none-eabi/10.3.1/../../../../arm-none-eabi/lib/thumb/v7e-m+fp/hard/libc_nano.a(lib_a-exit.o)
 .ARM.attributes
                0x0000000000000000       0x34 /media/algobel/EXT4/stm32Freertos/makeself_dir_w3CniK/y/plugins/com.st.stm32cube.ide.mcu.externaltools.gnu-tools-for-stm32.10.3-2021.10.linux64_1.0.200.202301161003/tools/bin/../lib/gcc/arm-none-eabi/10.3.1/../../../../arm-none-eabi/lib/thumb/v7e-m+fp/hard/libc_nano.a(lib_a-exit.o)
 .text          0x0000000000000000        0x0 /media/algobel/EXT4/stm32Freertos/makeself_dir_w3CniK/y/plugins/com.st.stm32cube.ide.mcu.externaltools.gnu-tools-for-stm32.10.3-2021.10.linux64_1.0.200.202301161003/tools/bin/../lib/gcc/arm-none-eabi/10.3.1/../../../../arm-none-eabi/lib/thumb/v7e-m+fp/hard/libc_nano.a(lib_a-impure.o)
 .data          0x0000000000000000        0x0 /media/algobel/EXT4/stm32Freertos/makeself_dir_w3CniK/y/plugins/com.st.stm32cube.ide.mcu.externaltools.gnu-tools-for-stm32.10.3-2021.10.linux64_1.0.200.202301161003/tools/bin/../lib/gcc/arm-none-eabi/10.3.1/../../../../arm-none-eabi/lib/thumb/v7e-m+fp/hard/libc_nano.a(lib_a-impure.o)
 .bss           0x0000000000000000        0x0 /media/algobel/EXT4/stm32Freertos/makeself_dir_w3CniK/y/plugins/com.st.stm32cube.ide.mcu.externaltools.gnu-tools-for-stm32.10.3-2021.10.linux64_1.0.200.202301161003/tools/bin/../lib/gcc/arm-none-eabi/10.3.1/../../../../arm-none-eabi/lib/thumb/v7e-m+fp/hard/libc_nano.a(lib_a-impure.o)
 .data._impure_ptr
                0x0000000000000000        0x4 /media/algobel/EXT4/stm32Freertos/makeself_dir_w3CniK/y/plugins/com.st.stm32cube.ide.mcu.externaltools.gnu-tools-for-stm32.10.3-2021.10.linux64_1.0.200.202301161003/tools/bin/../lib/gcc/arm-none-eabi/10.3.1/../../../../arm-none-eabi/lib/thumb/v7e-m+fp/hard/libc_nano.a(lib_a-impure.o)
 .data.impure_data
                0x0000000000000000       0x60 /media/algobel/EXT4/stm32Freertos/makeself_dir_w3CniK/y/plugins/com.st.stm32cube.ide.mcu.externaltools.gnu-tools-for-stm32.10.3-2021.10.linux64_1.0.200.202301161003/tools/bin/../lib/gcc/arm-none-eabi/10.3.1/../../../../arm-none-eabi/lib/thumb/v7e-m+fp/hard/libc_nano.a(lib_a-impure.o)
 .rodata._global_impure_ptr
                0x0000000000000000        0x4 /media/algobel/EXT4/stm32Freertos/makeself_dir_w3CniK/y/plugins/com.st.stm32cube.ide.mcu.externaltools.gnu-tools-for-stm32.10.3-2021.10.linux64_1.0.200.202301161003/tools/bin/../lib/gcc/arm-none-eabi/10.3.1/../../../../arm-none-eabi/lib/thumb/v7e-m+fp/hard/libc_nano.a(lib_a-impure.o)
 .ARM.attributes
                0x0000000000000000       0x34 /media/algobel/EXT4/stm32Freertos/makeself_dir_w3CniK/y/plugins/com.st.stm32cube.ide.mcu.externaltools.gnu-tools-for-stm32.10.3-2021.10.linux64_1.0.200.202301161003/tools/bin/../lib/gcc/arm-none-eabi/10.3.1/../../../../arm-none-eabi/lib/thumb/v7e-m+fp/hard/libc_nano.a(lib_a-impure.o)
 .text          0x0000000000000000        0x0 /media/algobel/EXT4/stm32Freertos/makeself_dir_w3CniK/y/plugins/com.st.stm32cube.ide.mcu.externaltools.gnu-tools-for-stm32.10.3-2021.10.linux64_1.0.200.202301161003/tools/bin/../lib/gcc/arm-none-eabi/10.3.1/../../../../arm-none-eabi/lib/thumb/v7e-m+fp/hard/libc_nano.a(lib_a-init.o)
 .data          0x0000000000000000        0x0 /media/algobel/EXT4/stm32Freertos/makeself_dir_w3CniK/y/plugins/com.st.stm32cube.ide.mcu.externaltools.gnu-tools-for-stm32.10.3-2021.10.linux64_1.0.200.202301161003/tools/bin/../lib/gcc/arm-none-eabi/10.3.1/../../../../arm-none-eabi/lib/thumb/v7e-m+fp/hard/libc_nano.a(lib_a-init.o)
 .bss           0x0000000000000000        0x0 /media/algobel/EXT4/stm32Freertos/makeself_dir_w3CniK/y/plugins/com.st.stm32cube.ide.mcu.externaltools.gnu-tools-for-stm32.10.3-2021.10.linux64_1.0.200.202301161003/tools/bin/../lib/gcc/arm-none-eabi/10.3.1/../../../../arm-none-eabi/lib/thumb/v7e-m+fp/hard/libc_nano.a(lib_a-init.o)
 .text          0x0000000000000000        0x0 /media/algobel/EXT4/stm32Freertos/makeself_dir_w3CniK/y/plugins/com.st.stm32cube.ide.mcu.externaltools.gnu-tools-for-stm32.10.3-2021.10.linux64_1.0.200.202301161003/tools/bin/../lib/gcc/arm-none-eabi/10.3.1/../../../../arm-none-eabi/lib/thumb/v7e-m+fp/hard/libc_nano.a(lib_a-memset.o)
 .data          0x0000000000000000        0x0 /media/algobel/EXT4/stm32Freertos/makeself_dir_w3CniK/y/plugins/com.st.stm32cube.ide.mcu.externaltools.gnu-tools-for-stm32.10.3-2021.10.linux64_1.0.200.202301161003/tools/bin/../lib/gcc/arm-none-eabi/10.3.1/../../../../arm-none-eabi/lib/thumb/v7e-m+fp/hard/libc_nano.a(lib_a-memset.o)
 .bss           0x0000000000000000        0x0 /media/algobel/EXT4/stm32Freertos/makeself_dir_w3CniK/y/plugins/com.st.stm32cube.ide.mcu.externaltools.gnu-tools-for-stm32.10.3-2021.10.linux64_1.0.200.202301161003/tools/bin/../lib/gcc/arm-none-eabi/10.3.1/../../../../arm-none-eabi/lib/thumb/v7e-m+fp/hard/libc_nano.a(lib_a-memset.o)
 .text.memset   0x0000000000000000       0x10 /media/algobel/EXT4/stm32Freertos/makeself_dir_w3CniK/y/plugins/com.st.stm32cube.ide.mcu.externaltools.gnu-tools-for-stm32.10.3-2021.10.linux64_1.0.200.202301161003/tools/bin/../lib/gcc/arm-none-eabi/10.3.1/../../../../arm-none-eabi/lib/thumb/v7e-m+fp/hard/libc_nano.a(lib_a-memset.o)
 .debug_frame   0x0000000000000000       0x20 /media/algobel/EXT4/stm32Freertos/makeself_dir_w3CniK/y/plugins/com.st.stm32cube.ide.mcu.externaltools.gnu-tools-for-stm32.10.3-2021.10.linux64_1.0.200.202301161003/tools/bin/../lib/gcc/arm-none-eabi/10.3.1/../../../../arm-none-eabi/lib/thumb/v7e-m+fp/hard/libc_nano.a(lib_a-memset.o)
 .ARM.attributes
                0x0000000000000000       0x34 /media/algobel/EXT4/stm32Freertos/makeself_dir_w3CniK/y/plugins/com.st.stm32cube.ide.mcu.externaltools.gnu-tools-for-stm32.10.3-2021.10.linux64_1.0.200.202301161003/tools/bin/../lib/gcc/arm-none-eabi/10.3.1/../../../../arm-none-eabi/lib/thumb/v7e-m+fp/hard/libc_nano.a(lib_a-memset.o)
 .text          0x0000000000000000        0x0 /media/algobel/EXT4/stm32Freertos/makeself_dir_w3CniK/y/plugins/com.st.stm32cube.ide.mcu.externaltools.gnu-tools-for-stm32.10.3-2021.10.linux64_1.0.200.202301161003/tools/bin/../lib/gcc/arm-none-eabi/10.3.1/../../../../arm-none-eabi/lib/thumb/v7e-m+fp/hard/libnosys.a(_exit.o)
 .data          0x0000000000000000        0x0 /media/algobel/EXT4/stm32Freertos/makeself_dir_w3CniK/y/plugins/com.st.stm32cube.ide.mcu.externaltools.gnu-tools-for-stm32.10.3-2021.10.linux64_1.0.200.202301161003/tools/bin/../lib/gcc/arm-none-eabi/10.3.1/../../../../arm-none-eabi/lib/thumb/v7e-m+fp/hard/libnosys.a(_exit.o)
 .bss           0x0000000000000000        0x0 /media/algobel/EXT4/stm32Freertos/makeself_dir_w3CniK/y/plugins/com.st.stm32cube.ide.mcu.externaltools.gnu-tools-for-stm32.10.3-2021.10.linux64_1.0.200.202301161003/tools/bin/../lib/gcc/arm-none-eabi/10.3.1/../../../../arm-none-eabi/lib/thumb/v7e-m+fp/hard/libnosys.a(_exit.o)
 .text._exit    0x0000000000000000        0x2 /media/algobel/EXT4/stm32Freertos/makeself_dir_w3CniK/y/plugins/com.st.stm32cube.ide.mcu.externaltools.gnu-tools-for-stm32.10.3-2021.10.linux64_1.0.200.202301161003/tools/bin/../lib/gcc/arm-none-eabi/10.3.1/../../../../arm-none-eabi/lib/thumb/v7e-m+fp/hard/libnosys.a(_exit.o)
 .debug_frame   0x0000000000000000       0x20 /media/algobel/EXT4/stm32Freertos/makeself_dir_w3CniK/y/plugins/com.st.stm32cube.ide.mcu.externaltools.gnu-tools-for-stm32.10.3-2021.10.linux64_1.0.200.202301161003/tools/bin/../lib/gcc/arm-none-eabi/10.3.1/../../../../arm-none-eabi/lib/thumb/v7e-m+fp/hard/libnosys.a(_exit.o)
 .ARM.attributes
                0x0000000000000000       0x34 /media/algobel/EXT4/stm32Freertos/makeself_dir_w3CniK/y/plugins/com.st.stm32cube.ide.mcu.externaltools.gnu-tools-for-stm32.10.3-2021.10.linux64_1.0.200.202301161003/tools/bin/../lib/gcc/arm-none-eabi/10.3.1/../../../../arm-none-eabi/lib/thumb/v7e-m+fp/hard/libnosys.a(_exit.o)
 .text          0x0000000000000000        0x0 /media/algobel/EXT4/stm32Freertos/makeself_dir_w3CniK/y/plugins/com.st.stm32cube.ide.mcu.externaltools.gnu-tools-for-stm32.10.3-2021.10.linux64_1.0.200.202301161003/tools/bin/../lib/gcc/arm-none-eabi/10.3.1/thumb/v7e-m+fp/hard/crtend.o
 .data          0x0000000000000000        0x0 /media/algobel/EXT4/stm32Freertos/makeself_dir_w3CniK/y/plugins/com.st.stm32cube.ide.mcu.externaltools.gnu-tools-for-stm32.10.3-2021.10.linux64_1.0.200.202301161003/tools/bin/../lib/gcc/arm-none-eabi/10.3.1/thumb/v7e-m+fp/hard/crtend.o
 .bss           0x0000000000000000        0x0 /media/algobel/EXT4/stm32Freertos/makeself_dir_w3CniK/y/plugins/com.st.stm32cube.ide.mcu.externaltools.gnu-tools-for-stm32.10.3-2021.10.linux64_1.0.200.202301161003/tools/bin/../lib/gcc/arm-none-eabi/10.3.1/thumb/v7e-m+fp/hard/crtend.o
 .rodata        0x0000000000000000       0x24 /media/algobel/EXT4/stm32Freertos/makeself_dir_w3CniK/y/plugins/com.st.stm32cube.ide.mcu.externaltools.gnu-tools-for-stm32.10.3-2021.10.linux64_1.0.200.202301161003/tools/bin/../lib/gcc/arm-none-eabi/10.3.1/thumb/v7e-m+fp/hard/crtend.o
 .eh_frame      0x0000000000000000        0x4 /media/algobel/EXT4/stm32Freertos/makeself_dir_w3CniK/y/plugins/com.st.stm32cube.ide.mcu.externaltools.gnu-tools-for-stm32.10.3-2021.10.linux64_1.0.200.202301161003/tools/bin/../lib/gcc/arm-none-eabi/10.3.1/thumb/v7e-m+fp/hard/crtend.o
 .ARM.attributes
                0x0000000000000000       0x34 /media/algobel/EXT4/stm32Freertos/makeself_dir_w3CniK/y/plugins/com.st.stm32cube.ide.mcu.externaltools.gnu-tools-for-stm32.10.3-2021.10.linux64_1.0.200.202301161003/tools/bin/../lib/gcc/arm-none-eabi/10.3.1/thumb/v7e-m+fp/hard/crtend.o
 .text          0x0000000000000000        0x0 /media/algobel/EXT4/stm32Freertos/makeself_dir_w3CniK/y/plugins/com.st.stm32cube.ide.mcu.externaltools.gnu-tools-for-stm32.10.3-2021.10.linux64_1.0.200.202301161003/tools/bin/../lib/gcc/arm-none-eabi/10.3.1/thumb/v7e-m+fp/hard/crtn.o
 .data          0x0000000000000000        0x0 /media/algobel/EXT4/stm32Freertos/makeself_dir_w3CniK/y/plugins/com.st.stm32cube.ide.mcu.externaltools.gnu-tools-for-stm32.10.3-2021.10.linux64_1.0.200.202301161003/tools/bin/../lib/gcc/arm-none-eabi/10.3.1/thumb/v7e-m+fp/hard/crtn.o
 .bss           0x0000000000000000        0x0 /media/algobel/EXT4/stm32Freertos/makeself_dir_w3CniK/y/plugins/com.st.stm32cube.ide.mcu.externaltools.gnu-tools-for-stm32.10.3-2021.10.linux64_1.0.200.202301161003/tools/bin/../lib/gcc/arm-none-eabi/10.3.1/thumb/v7e-m+fp/hard/crtn.o

Memory Configuration

Name             Origin             Length             Attributes
RAM              0x0000000020000000 0x0000000000018000 xrw
SRAM2            0x0000000010000000 0x0000000000008000 xrw
FLASH            0x0000000008000000 0x0000000000100000 xr
*default*        0x0000000000000000 0xffffffffffffffff

Linker script and memory map

LOAD /media/algobel/EXT4/stm32Freertos/makeself_dir_w3CniK/y/plugins/com.st.stm32cube.ide.mcu.externaltools.gnu-tools-for-stm32.10.3-2021.10.linux64_1.0.200.202301161003/tools/bin/../lib/gcc/arm-none-eabi/10.3.1/thumb/v7e-m+fp/hard/crti.o
LOAD /media/algobel/EXT4/stm32Freertos/makeself_dir_w3CniK/y/plugins/com.st.stm32cube.ide.mcu.externaltools.gnu-tools-for-stm32.10.3-2021.10.linux64_1.0.200.202301161003/tools/bin/../lib/gcc/arm-none-eabi/10.3.1/thumb/v7e-m+fp/hard/crtbegin.o
LOAD /media/algobel/EXT4/stm32Freertos/makeself_dir_w3CniK/y/plugins/com.st.stm32cube.ide.mcu.externaltools.gnu-tools-for-stm32.10.3-2021.10.linux64_1.0.200.202301161003/tools/bin/../lib/gcc/arm-none-eabi/10.3.1/../../../../arm-none-eabi/lib/thumb/v7e-m+fp/hard/crt0.o
LOAD ./Src/test_led.o
LOAD ./Startup/startup_stm32l476rgtx.o
LOAD ./drivers/src/stm32l476_gpio_drivers.o
START GROUP
LOAD /media/algobel/EXT4/stm32Freertos/makeself_dir_w3CniK/y/plugins/com.st.stm32cube.ide.mcu.externaltools.gnu-tools-for-stm32.10.3-2021.10.linux64_1.0.200.202301161003/tools/bin/../lib/gcc/arm-none-eabi/10.3.1/../../../../arm-none-eabi/lib/thumb/v7e-m+fp/hard/libc_nano.a
LOAD /media/algobel/EXT4/stm32Freertos/makeself_dir_w3CniK/y/plugins/com.st.stm32cube.ide.mcu.externaltools.gnu-tools-for-stm32.10.3-2021.10.linux64_1.0.200.202301161003/tools/bin/../lib/gcc/arm-none-eabi/10.3.1/../../../../arm-none-eabi/lib/thumb/v7e-m+fp/hard/libm.a
END GROUP
START GROUP
LOAD /media/algobel/EXT4/stm32Freertos/makeself_dir_w3CniK/y/plugins/com.st.stm32cube.ide.mcu.externaltools.gnu-tools-for-stm32.10.3-2021.10.linux64_1.0.200.202301161003/tools/bin/../lib/gcc/arm-none-eabi/10.3.1/thumb/v7e-m+fp/hard/libgcc.a
LOAD /media/algobel/EXT4/stm32Freertos/makeself_dir_w3CniK/y/plugins/com.st.stm32cube.ide.mcu.externaltools.gnu-tools-for-stm32.10.3-2021.10.linux64_1.0.200.202301161003/tools/bin/../lib/gcc/arm-none-eabi/10.3.1/../../../../arm-none-eabi/lib/thumb/v7e-m+fp/hard/libc_nano.a
END GROUP
START GROUP
LOAD /media/algobel/EXT4/stm32Freertos/makeself_dir_w3CniK/y/plugins/com.st.stm32cube.ide.mcu.externaltools.gnu-tools-for-stm32.10.3-2021.10.linux64_1.0.200.202301161003/tools/bin/../lib/gcc/arm-none-eabi/10.3.1/thumb/v7e-m+fp/hard/libgcc.a
LOAD /media/algobel/EXT4/stm32Freertos/makeself_dir_w3CniK/y/plugins/com.st.stm32cube.ide.mcu.externaltools.gnu-tools-for-stm32.10.3-2021.10.linux64_1.0.200.202301161003/tools/bin/../lib/gcc/arm-none-eabi/10.3.1/../../../../arm-none-eabi/lib/thumb/v7e-m+fp/hard/libc_nano.a
LOAD /media/algobel/EXT4/stm32Freertos/makeself_dir_w3CniK/y/plugins/com.st.stm32cube.ide.mcu.externaltools.gnu-tools-for-stm32.10.3-2021.10.linux64_1.0.200.202301161003/tools/bin/../lib/gcc/arm-none-eabi/10.3.1/../../../../arm-none-eabi/lib/thumb/v7e-m+fp/hard/libnosys.a
END GROUP
START GROUP
LOAD /media/algobel/EXT4/stm32Freertos/makeself_dir_w3CniK/y/plugins/com.st.stm32cube.ide.mcu.externaltools.gnu-tools-for-stm32.10.3-2021.10.linux64_1.0.200.202301161003/tools/bin/../lib/gcc/arm-none-eabi/10.3.1/thumb/v7e-m+fp/hard/libgcc.a
LOAD /media/algobel/EXT4/stm32Freertos/makeself_dir_w3CniK/y/plugins/com.st.stm32cube.ide.mcu.externaltools.gnu-tools-for-stm32.10.3-2021.10.linux64_1.0.200.202301161003/tools/bin/../lib/gcc/arm-none-eabi/10.3.1/../../../../arm-none-eabi/lib/thumb/v7e-m+fp/hard/libc_nano.a
LOAD /media/algobel/EXT4/stm32Freertos/makeself_dir_w3CniK/y/plugins/com.st.stm32cube.ide.mcu.externaltools.gnu-tools-for-stm32.10.3-2021.10.linux64_1.0.200.202301161003/tools/bin/../lib/gcc/arm-none-eabi/10.3.1/../../../../arm-none-eabi/lib/thumb/v7e-m+fp/hard/libnosys.a
END GROUP
LOAD /media/algobel/EXT4/stm32Freertos/makeself_dir_w3CniK/y/plugins/com.st.stm32cube.ide.mcu.externaltools.gnu-tools-for-stm32.10.3-2021.10.linux64_1.0.200.202301161003/tools/bin/../lib/gcc/arm-none-eabi/10.3.1/thumb/v7e-m+fp/hard/crtend.o
LOAD /media/algobel/EXT4/stm32Freertos/makeself_dir_w3CniK/y/plugins/com.st.stm32cube.ide.mcu.externaltools.gnu-tools-for-stm32.10.3-2021.10.linux64_1.0.200.202301161003/tools/bin/../lib/gcc/arm-none-eabi/10.3.1/thumb/v7e-m+fp/hard/crtn.o
                0x0000000020018000                _estack = (ORIGIN (RAM) + LENGTH (RAM))
                0x0000000000000200                _Min_Heap_Size = 0x200
                0x0000000000000400                _Min_Stack_Size = 0x400

.isr_vector     0x0000000008000000      0x188
                0x0000000008000000                . = ALIGN (0x4)
 *(.isr_vector)
 .isr_vector    0x0000000008000000      0x188 ./Startup/startup_stm32l476rgtx.o
                0x0000000008000000                g_pfnVectors
                0x0000000008000188                . = ALIGN (0x4)

.text           0x0000000008000188      0x104
                0x0000000008000188                . = ALIGN (0x4)
 *(.text)
 .text          0x0000000008000188       0x40 /media/algobel/EXT4/stm32Freertos/makeself_dir_w3CniK/y/plugins/com.st.stm32cube.ide.mcu.externaltools.gnu-tools-for-stm32.10.3-2021.10.linux64_1.0.200.202301161003/tools/bin/../lib/gcc/arm-none-eabi/10.3.1/thumb/v7e-m+fp/hard/crtbegin.o
 *(.text*)
 .text.main     0x00000000080001c8       0x10 ./Src/test_led.o
                0x00000000080001c8                main
 .text.Reset_Handler
                0x00000000080001d8       0x50 ./Startup/startup_stm32l476rgtx.o
                0x00000000080001d8                Reset_Handler
 .text.Default_Handler
                0x0000000008000228        0x2 ./Startup/startup_stm32l476rgtx.o
                0x0000000008000228                EXTI2_IRQHandler
                0x0000000008000228                TIM8_TRG_COM_IRQHandler
                0x0000000008000228                TIM8_CC_IRQHandler
                0x0000000008000228                DebugMon_Handler
                0x0000000008000228                DMA1_CH4_IRQHandler
                0x0000000008000228                TIM1_CC_IRQHandler
                0x0000000008000228                TSC_IRQHandler
                0x0000000008000228                HardFault_Handler
                0x0000000008000228                SysTick_Handler
                0x0000000008000228                TAMP_STAMP_IRQHandler
                0x0000000008000228                PendSV_Handler
                0x0000000008000228                NMI_Handler
                0x0000000008000228                EXTI3_IRQHandler
                0x0000000008000228                LPTIM2_IRQHandler
                0x0000000008000228                DFSDM1_FLT1_IRQHandler
                0x0000000008000228                I2C3_ER_IRQHandler
                0x0000000008000228                DFSDM1_FLT2_IRQHandler
                0x0000000008000228                TIM6_DACUNDER_IRQHandler
                0x0000000008000228                EXTI0_IRQHandler
                0x0000000008000228                I2C2_EV_IRQHandler
                0x0000000008000228                DMA2_CH1_IRQHandler
                0x0000000008000228                CAN1_RX0_IRQHandler
                0x0000000008000228                FPU_IRQHandler
                0x0000000008000228                TIM1_UP_TIM16_IRQHandler
                0x0000000008000228                DMA2_CH7_IRQHandler
                0x0000000008000228                UsageFault_Handler
                0x0000000008000228                ADC1_2_IRQHandler
                0x0000000008000228                SPI1_IRQHandler
                0x0000000008000228                DMA1_CH7_IRQHandler
                0x0000000008000228                TIM8_UP_IRQHandler
                0x0000000008000228                RTC_ALARM_IRQHandler
                0x0000000008000228                SAI2_IRQHandler
                0x0000000008000228                DFSDM1_FLT3_IRQHandler
                0x0000000008000228                DMA1_CH6_IRQHandler
                0x0000000008000228                USART3_IRQHandler
                0x0000000008000228                CAN1_RX1_IRQHandler
                0x0000000008000228                LCD_IRQHandler
                0x0000000008000228                UART5_IRQHandler
                0x0000000008000228                ADC3_IRQHandler
                0x0000000008000228                TIM4_IRQHandler
                0x0000000008000228                QUADSPI_IRQHandler
                0x0000000008000228                I2C1_EV_IRQHandler
                0x0000000008000228                DMA2_CH5_IRQHandler
                0x0000000008000228                UART4_IRQHandler
                0x0000000008000228                DMA1_CH3_IRQHandler
                0x0000000008000228                TIM3_IRQHandler
                0x0000000008000228                RCC_IRQHandler
                0x0000000008000228                Default_Handler
                0x0000000008000228                EXTI15_10_IRQHandler
                0x0000000008000228                TIM7_IRQHandler
                0x0000000008000228                SDMMC1_IRQHandler
                0x0000000008000228                TIM5_IRQHandler
                0x0000000008000228                I2C3_EV_IRQHandler
                0x0000000008000228                EXTI9_5_IRQHandler
                0x0000000008000228                DMA1_CH2_IRQHandler
                0x0000000008000228                RTC_WKUP_IRQHandler
                0x0000000008000228                PVD_PVM_IRQHandler
                0x0000000008000228                SPI2_IRQHandler
                0x0000000008000228                DMA1_CH1_IRQHandler
                0x0000000008000228                MemManage_Handler
                0x0000000008000228                CAN1_TX_IRQHandler
                0x0000000008000228                SVC_Handler
                0x0000000008000228                EXTI4_IRQHandler
                0x0000000008000228                RNG_IRQHandler
                0x0000000008000228                TIM1_TRG_COM_TIM17_IRQHandler
                0x0000000008000228                COMP_IRQHandler
                0x0000000008000228                WWDG_IRQHandler
                0x0000000008000228                LPUART1_IRQHandler
                0x0000000008000228                TIM2_IRQHandler
                0x0000000008000228                EXTI1_IRQHandler
                0x0000000008000228                AES_IRQHandler
                0x0000000008000228                USART2_IRQHandler
                0x0000000008000228                DFSDM1_FLT0_IRQHandler
                0x0000000008000228                I2C2_ER_IRQHandler
                0x0000000008000228                TIM8_BRK_IRQHandler
                0x0000000008000228                CAN1_SCE_IRQHandler
                0x0000000008000228                FLASH_IRQHandler
                0x0000000008000228                BusFault_Handler
                0x0000000008000228                USART1_IRQHandler
                0x0000000008000228                OTG_FS_IRQHandler
                0x0000000008000228                SPI3_IRQHandler
                0x0000000008000228                DMA2_CH6_IRQHandler
                0x0000000008000228                DMA2_CH3_IRQHandler
                0x0000000008000228                DMA2_CH2_IRQHandler
                0x0000000008000228                I2C1_ER_IRQHandler
                0x0000000008000228                FMC_IRQHandler
                0x0000000008000228                DMA1_CH5_IRQHandler
                0x0000000008000228                DMA2_CH4_IRQHandler
                0x0000000008000228                SWPMI1_IRQHandler
                0x0000000008000228                LPTIM1_IRQHandler
                0x0000000008000228                SAI1_IRQHandler
                0x0000000008000228                TIM1_BRK_TIM15_IRQHandler
 *fill*         0x000000000800022a        0x2 
 .text.__libc_init_array
                0x000000000800022c       0x48 /media/algobel/EXT4/stm32Freertos/makeself_dir_w3CniK/y/plugins/com.st.stm32cube.ide.mcu.externaltools.gnu-tools-for-stm32.10.3-2021.10.linux64_1.0.200.202301161003/tools/bin/../lib/gcc/arm-none-eabi/10.3.1/../../../../arm-none-eabi/lib/thumb/v7e-m+fp/hard/libc_nano.a(lib_a-init.o)
                0x000000000800022c                __libc_init_array
 *(.glue_7)
 .glue_7        0x0000000008000274        0x0 linker stubs
 *(.glue_7t)
 .glue_7t       0x0000000008000274        0x0 linker stubs
 *(.eh_frame)
 .eh_frame      0x0000000008000274        0x0 /media/algobel/EXT4/stm32Freertos/makeself_dir_w3CniK/y/plugins/com.st.stm32cube.ide.mcu.externaltools.gnu-tools-for-stm32.10.3-2021.10.linux64_1.0.200.202301161003/tools/bin/../lib/gcc/arm-none-eabi/10.3.1/thumb/v7e-m+fp/hard/crtbegin.o
 *(.init)
 .init          0x0000000008000274        0x4 /media/algobel/EXT4/stm32Freertos/makeself_dir_w3CniK/y/plugins/com.st.stm32cube.ide.mcu.externaltools.gnu-tools-for-stm32.10.3-2021.10.linux64_1.0.200.202301161003/tools/bin/../lib/gcc/arm-none-eabi/10.3.1/thumb/v7e-m+fp/hard/crti.o
                0x0000000008000274                _init
 .init          0x0000000008000278        0x8 /media/algobel/EXT4/stm32Freertos/makeself_dir_w3CniK/y/plugins/com.st.stm32cube.ide.mcu.externaltools.gnu-tools-for-stm32.10.3-2021.10.linux64_1.0.200.202301161003/tools/bin/../lib/gcc/arm-none-eabi/10.3.1/thumb/v7e-m+fp/hard/crtn.o
 *(.fini)
 .fini          0x0000000008000280        0x4 /media/algobel/EXT4/stm32Freertos/makeself_dir_w3CniK/y/plugins/com.st.stm32cube.ide.mcu.externaltools.gnu-tools-for-stm32.10.3-2021.10.linux64_1.0.200.202301161003/tools/bin/../lib/gcc/arm-none-eabi/10.3.1/thumb/v7e-m+fp/hard/crti.o
                0x0000000008000280                _fini
 .fini          0x0000000008000284        0x8 /media/algobel/EXT4/stm32Freertos/makeself_dir_w3CniK/y/plugins/com.st.stm32cube.ide.mcu.externaltools.gnu-tools-for-stm32.10.3-2021.10.linux64_1.0.200.202301161003/tools/bin/../lib/gcc/arm-none-eabi/10.3.1/thumb/v7e-m+fp/hard/crtn.o
                0x000000000800028c                . = ALIGN (0x4)
                0x000000000800028c                _etext = .

.vfp11_veneer   0x000000000800028c        0x0
 .vfp11_veneer  0x000000000800028c        0x0 linker stubs

.v4_bx          0x000000000800028c        0x0
 .v4_bx         0x000000000800028c        0x0 linker stubs

.iplt           0x000000000800028c        0x0
 .iplt          0x000000000800028c        0x0 /media/algobel/EXT4/stm32Freertos/makeself_dir_w3CniK/y/plugins/com.st.stm32cube.ide.mcu.externaltools.gnu-tools-for-stm32.10.3-2021.10.linux64_1.0.200.202301161003/tools/bin/../lib/gcc/arm-none-eabi/10.3.1/thumb/v7e-m+fp/hard/crtbegin.o

.rel.dyn        0x000000000800028c        0x0
 .rel.iplt      0x000000000800028c        0x0 /media/algobel/EXT4/stm32Freertos/makeself_dir_w3CniK/y/plugins/com.st.stm32cube.ide.mcu.externaltools.gnu-tools-for-stm32.10.3-2021.10.linux64_1.0.200.202301161003/tools/bin/../lib/gcc/arm-none-eabi/10.3.1/thumb/v7e-m+fp/hard/crtbegin.o

.rodata         0x000000000800028c        0x0
                0x000000000800028c                . = ALIGN (0x4)
 *(.rodata)
 *(.rodata*)
                0x000000000800028c                . = ALIGN (0x4)

.ARM.extab      0x000000000800028c        0x0
                0x000000000800028c                . = ALIGN (0x4)
 *(.ARM.extab* .gnu.linkonce.armextab.*)
                0x000000000800028c                . = ALIGN (0x4)

.ARM            0x000000000800028c        0x0
                0x000000000800028c                . = ALIGN (0x4)
                0x000000000800028c                __exidx_start = .
 *(.ARM.exidx*)
                0x000000000800028c                __exidx_end = .
                0x000000000800028c                . = ALIGN (0x4)

.preinit_array  0x000000000800028c        0x0
                0x000000000800028c                . = ALIGN (0x4)
                0x000000000800028c                PROVIDE (__preinit_array_start = .)
 *(.preinit_array*)
                0x000000000800028c                PROVIDE (__preinit_array_end = .)
                0x000000000800028c                . = ALIGN (0x4)

.init_array     0x000000000800028c        0x4
                0x000000000800028c                . = ALIGN (0x4)
                0x000000000800028c                PROVIDE (__init_array_start = .)
 *(SORT_BY_NAME(.init_array.*))
 *(.init_array*)
 .init_array    0x000000000800028c        0x4 /media/algobel/EXT4/stm32Freertos/makeself_dir_w3CniK/y/plugins/com.st.stm32cube.ide.mcu.externaltools.gnu-tools-for-stm32.10.3-2021.10.linux64_1.0.200.202301161003/tools/bin/../lib/gcc/arm-none-eabi/10.3.1/thumb/v7e-m+fp/hard/crtbegin.o
                0x0000000008000290                PROVIDE (__init_array_end = .)
                0x0000000008000290                . = ALIGN (0x4)

.fini_array     0x0000000008000290        0x4
                0x0000000008000290                . = ALIGN (0x4)
                [!provide]                        PROVIDE (__fini_array_start = .)
 *(SORT_BY_NAME(.fini_array.*))
 *(.fini_array*)
 .fini_array    0x0000000008000290        0x4 /media/algobel/EXT4/stm32Freertos/makeself_dir_w3CniK/y/plugins/com.st.stm32cube.ide.mcu.externaltools.gnu-tools-for-stm32.10.3-2021.10.linux64_1.0.200.202301161003/tools/bin/../lib/gcc/arm-none-eabi/10.3.1/thumb/v7e-m+fp/hard/crtbegin.o
                [!provide]                        PROVIDE (__fini_array_end = .)
                0x0000000008000294                . = ALIGN (0x4)
                0x0000000008000294                _sidata = LOADADDR (.data)

.data           0x0000000020000000        0x0 load address 0x0000000008000294
                0x0000000020000000                . = ALIGN (0x4)
                0x0000000020000000                _sdata = .
 *(.data)
 *(.data*)
 *(.RamFunc)
 *(.RamFunc*)
                0x0000000020000000                . = ALIGN (0x4)
                0x0000000020000000                _edata = .
                0x0000000008000294                _sisram2 = LOADADDR (.sram2)

.igot.plt       0x0000000020000000        0x0 load address 0x0000000008000294
 .igot.plt      0x0000000020000000        0x0 /media/algobel/EXT4/stm32Freertos/makeself_dir_w3CniK/y/plugins/com.st.stm32cube.ide.mcu.externaltools.gnu-tools-for-stm32.10.3-2021.10.linux64_1.0.200.202301161003/tools/bin/../lib/gcc/arm-none-eabi/10.3.1/thumb/v7e-m+fp/hard/crtbegin.o

.sram2          0x0000000010000000        0x0 load address 0x0000000008000294
                0x0000000010000000                . = ALIGN (0x4)
                0x0000000010000000                _ssram2 = .
 *(.sram2)
 *(.sram2*)
                0x0000000010000000                . = ALIGN (0x4)
                0x0000000010000000                _esram2 = .
                0x0000000010000000                . = ALIGN (0x4)

.bss            0x0000000020000000       0x1c
                0x0000000020000000                _sbss = .
                0x0000000020000000                __bss_start__ = _sbss
 *(.bss)
 .bss           0x0000000020000000       0x1c /media/algobel/EXT4/stm32Freertos/makeself_dir_w3CniK/y/plugins/com.st.stm32cube.ide.mcu.externaltools.gnu-tools-for-stm32.10.3-2021.10.linux64_1.0.200.202301161003/tools/bin/../lib/gcc/arm-none-eabi/10.3.1/thumb/v7e-m+fp/hard/crtbegin.o
 *(.bss*)
 *(COMMON)
                0x000000002000001c                . = ALIGN (0x4)
                0x000000002000001c                _ebss = .
                0x000000002000001c                __bss_end__ = _ebss

._user_heap_stack
                0x000000002000001c      0x604
                0x0000000020000020                . = ALIGN (0x8)
 *fill*         0x000000002000001c        0x4 
                [!provide]                        PROVIDE (end = .)
                [!provide]                        PROVIDE (_end = .)
                0x0000000020000220                . = (. + _Min_Heap_Size)
 *fill*         0x0000000020000020      0x200 
                0x0000000020000620                . = (. + _Min_Stack_Size)
 *fill*         0x0000000020000220      0x400 
                0x0000000020000620                . = ALIGN (0x8)

/DISCARD/
 libc.a(*)
 libm.a(*)
 libgcc.a(*)

.ARM.attributes
                0x0000000000000000       0x30
 *(.ARM.attributes)
 .ARM.attributes
                0x0000000000000000       0x1e /media/algobel/EXT4/stm32Freertos/makeself_dir_w3CniK/y/plugins/com.st.stm32cube.ide.mcu.externaltools.gnu-tools-for-stm32.10.3-2021.10.linux64_1.0.200.202301161003/tools/bin/../lib/gcc/arm-none-eabi/10.3.1/thumb/v7e-m+fp/hard/crti.o
 .ARM.attributes
                0x000000000000001e       0x34 /media/algobel/EXT4/stm32Freertos/makeself_dir_w3CniK/y/plugins/com.st.stm32cube.ide.mcu.externaltools.gnu-tools-for-stm32.10.3-2021.10.linux64_1.0.200.202301161003/tools/bin/../lib/gcc/arm-none-eabi/10.3.1/thumb/v7e-m+fp/hard/crtbegin.o
 .ARM.attributes
                0x0000000000000052       0x34 ./Src/test_led.o
 .ARM.attributes
                0x0000000000000086       0x21 ./Startup/startup_stm32l476rgtx.o
 .ARM.attributes
                0x00000000000000a7       0x34 /media/algobel/EXT4/stm32Freertos/makeself_dir_w3CniK/y/plugins/com.st.stm32cube.ide.mcu.externaltools.gnu-tools-for-stm32.10.3-2021.10.linux64_1.0.200.202301161003/tools/bin/../lib/gcc/arm-none-eabi/10.3.1/../../../../arm-none-eabi/lib/thumb/v7e-m+fp/hard/libc_nano.a(lib_a-init.o)
 .ARM.attributes
                0x00000000000000db       0x1e /media/algobel/EXT4/stm32Freertos/makeself_dir_w3CniK/y/plugins/com.st.stm32cube.ide.mcu.externaltools.gnu-tools-for-stm32.10.3-2021.10.linux64_1.0.200.202301161003/tools/bin/../lib/gcc/arm-none-eabi/10.3.1/thumb/v7e-m+fp/hard/crtn.o
OUTPUT(stm32l476xx_drivers.elf elf32-littlearm)
LOAD linker stubs
LOAD /media/algobel/EXT4/stm32Freertos/makeself_dir_w3CniK/y/plugins/com.st.stm32cube.ide.mcu.externaltools.gnu-tools-for-stm32.10.3-2021.10.linux64_1.0.200.202301161003/tools/bin/../lib/gcc/arm-none-eabi/10.3.1/../../../../arm-none-eabi/lib/thumb/v7e-m+fp/hard/libc.a
LOAD /media/algobel/EXT4/stm32Freertos/makeself_dir_w3CniK/y/plugins/com.st.stm32cube.ide.mcu.externaltools.gnu-tools-for-stm32.10.3-2021.10.linux64_1.0.200.202301161003/tools/bin/../lib/gcc/arm-none-eabi/10.3.1/../../../../arm-none-eabi/lib/thumb/v7e-m+fp/hard/libm.a
LOAD /media/algobel/EXT4/stm32Freertos/makeself_dir_w3CniK/y/plugins/com.st.stm32cube.ide.mcu.externaltools.gnu-tools-for-stm32.10.3-2021.10.linux64_1.0.200.202301161003/tools/bin/../lib/gcc/arm-none-eabi/10.3.1/thumb/v7e-m+fp/hard/libgcc.a

.debug_info     0x0000000000000000       0xa8
 .debug_info    0x0000000000000000       0x86 ./Src/test_led.o
 .debug_info    0x0000000000000086       0x22 ./Startup/startup_stm32l476rgtx.o

.debug_abbrev   0x0000000000000000       0x5b
 .debug_abbrev  0x0000000000000000       0x49 ./Src/test_led.o
 .debug_abbrev  0x0000000000000049       0x12 ./Startup/startup_stm32l476rgtx.o

.debug_aranges  0x0000000000000000       0x48
 .debug_aranges
                0x0000000000000000       0x20 ./Src/test_led.o
 .debug_aranges
                0x0000000000000020       0x28 ./Startup/startup_stm32l476rgtx.o

.debug_ranges   0x0000000000000000       0x30
 .debug_ranges  0x0000000000000000       0x10 ./Src/test_led.o
 .debug_ranges  0x0000000000000010       0x20 ./Startup/startup_stm32l476rgtx.o

.debug_macro    0x0000000000000000     0x1085
 .debug_macro   0x0000000000000000       0x72 ./Src/test_led.o
 .debug_macro   0x0000000000000072      0xa7e ./Src/test_led.o
 .debug_macro   0x0000000000000af0       0x22 ./Src/test_led.o
 .debug_macro   0x0000000000000b12       0x8e ./Src/test_led.o
 .debug_macro   0x0000000000000ba0       0x51 ./Src/test_led.o
 .debug_macro   0x0000000000000bf1      0x103 ./Src/test_led.o
 .debug_macro   0x0000000000000cf4       0x6a ./Src/test_led.o
 .debug_macro   0x0000000000000d5e      0x1df ./Src/test_led.o
 .debug_macro   0x0000000000000f3d      0x148 ./Src/test_led.o

.debug_line     0x0000000000000000      0x4c3
 .debug_line    0x0000000000000000      0x43f ./Src/test_led.o
 .debug_line    0x000000000000043f       0x84 ./Startup/startup_stm32l476rgtx.o

.debug_str      0x0000000000000000     0x42ca
 .debug_str     0x0000000000000000     0x4299 ./Src/test_led.o
                                       0x43f4 (size before relaxing)
 .debug_str     0x0000000000004299       0x31 ./Startup/startup_stm32l476rgtx.o
                                         0x88 (size before relaxing)

.comment        0x0000000000000000       0x50
 .comment       0x0000000000000000       0x50 ./Src/test_led.o
                                         0x51 (size before relaxing)

.debug_frame    0x0000000000000000       0x5c
 .debug_frame   0x0000000000000000       0x30 ./Src/test_led.o
 .debug_frame   0x0000000000000030       0x2c /media/algobel/EXT4/stm32Freertos/makeself_dir_w3CniK/y/plugins/com.st.stm32cube.ide.mcu.externaltools.gnu-tools-for-stm32.10.3-2021.10.linux64_1.0.200.202301161003/tools/bin/../lib/gcc/arm-none-eabi/10.3.1/../../../../arm-none-eabi/lib/thumb/v7e-m+fp/hard/libc_nano.a(lib_a-init.o)
