Archive member included to satisfy reference by file (symbol)

/media/algobel/EXT4/stm32Freertos/makeself_dir_w3CniK/y/plugins/com.st.stm32cube.ide.mcu.externaltools.gnu-tools-for-stm32.10.3-2021.10.linux64_1.0.200.202301161003/tools/bin/../lib/gcc/arm-none-eabi/10.3.1/../../../../arm-none-eabi/lib/thumb/v7e-m+fp/hard/libc_nano.a(lib_a-exit.o)
                              /media/algobel/EXT4/stm32Freertos/makeself_dir_w3CniK/y/plugins/com.st.stm32cube.ide.mcu.externaltools.gnu-tools-for-stm32.10.3-2021.10.linux64_1.0.200.202301161003/tools/bin/../lib/gcc/arm-none-eabi/10.3.1/../../../../arm-none-eabi/lib/thumb/v7e-m+fp/hard/crt0.o (exit)
/media/algobel/EXT4/stm32Freertos/makeself_dir_w3CniK/y/plugins/com.st.stm32cube.ide.mcu.externaltools.gnu-tools-for-stm32.10.3-2021.10.linux64_1.0.200.202301161003/tools/bin/../lib/gcc/arm-none-eabi/10.3.1/../../../../arm-none-eabi/lib/thumb/v7e-m+fp/hard/libc_nano.a(lib_a-impure.o)
                              /media/algobel/EXT4/stm32Freertos/makeself_dir_w3CniK/y/plugins/com.st.stm32cube.ide.mcu.externaltools.gnu-tools-for-stm32.10.3-2021.10.linux64_1.0.200.202301161003/tools/bin/../lib/gcc/arm-none-eabi/10.3.1/../../../../arm-none-eabi/lib/thumb/v7e-m+fp/hard/libc_nano.a(lib_a-exit.o) (_global_impure_ptr)
/media/algobel/EXT4/stm32Freertos/makeself_dir_w3CniK/y/plugins/com.st.stm32cube.ide.mcu.externaltools.gnu-tools-for-stm32.10.3-2021.10.linux64_1.0.200.202301161003/tools/bin/../lib/gcc/arm-none-eabi/10.3.1/../../../../arm-none-eabi/lib/thumb/v7e-m+fp/hard/libc_nano.a(lib_a-init.o)
                              /media/algobel/EXT4/stm32Freertos/makeself_dir_w3CniK/y/plugins/com.st.stm32cube.ide.mcu.externaltools.gnu-tools-for-stm32.10.3-2021.10.linux64_1.0.200.202301161003/tools/bin/../lib/gcc/arm-none-eabi/10.3.1/../../../../arm-none-eabi/lib/thumb/v7e-m+fp/hard/crt0.o (__libc_init_array)
/media/algobel/EXT4/stm32Freertos/makeself_dir_w3CniK/y/plugins/com.st.stm32cube.ide.mcu.externaltools.gnu-tools-for-stm32.10.3-2021.10.linux64_1.0.200.202301161003/tools/bin/../lib/gcc/arm-none-eabi/10.3.1/../../../../arm-none-eabi/lib/thumb/v7e-m+fp/hard/libc_nano.a(lib_a-memset.o)
                              /media/algobel/EXT4/stm32Freertos/makeself_dir_w3CniK/y/plugins/com.st.stm32cube.ide.mcu.externaltools.gnu-tools-for-stm32.10.3-2021.10.linux64_1.0.200.202301161003/tools/bin/../lib/gcc/arm-none-eabi/10.3.1/../../../../arm-none-eabi/lib/thumb/v7e-m+fp/hard/crt0.o (memset)
/media/algobel/EXT4/stm32Freertos/makeself_dir_w3CniK/y/plugins/com.st.stm32cube.ide.mcu.externaltools.gnu-tools-for-stm32.10.3-2021.10.linux64_1.0.200.202301161003/tools/bin/../lib/gcc/arm-none-eabi/10.3.1/../../../../arm-none-eabi/lib/thumb/v7e-m+fp/hard/libnosys.a(_exit.o)
                              /media/algobel/EXT4/stm32Freertos/makeself_dir_w3CniK/y/plugins/com.st.stm32cube.ide.mcu.externaltools.gnu-tools-for-stm32.10.3-2021.10.linux64_1.0.200.202301161003/tools/bin/../lib/gcc/arm-none-eabi/10.3.1/../../../../arm-none-eabi/lib/thumb/v7e-m+fp/hard/libc_nano.a(lib_a-exit.o) (_exit)

Discarded input sections

 .text          0x0000000000000000        0x0 /media/algobel/EXT4/stm32Freertos/makeself_dir_w3CniK/y/plugins/com.st.stm32cube.ide.mcu.externaltools.gnu-tools-for-stm32.10.3-2021.10.linux64_1.0.200.202301161003/tools/bin/../lib/gcc/arm-none-eabi/10.3.1/thumb/v7e-m+fp/hard/crti.o
 .data          0x0000000000000000        0x0 /media/algobel/EXT4/stm32Freertos/makeself_dir_w3CniK/y/plugins/com.st.stm32cube.ide.mcu.externaltools.gnu-tools-for-stm32.10.3-2021.10.linux64_1.0.200.202301161003/tools/bin/../lib/gcc/arm-none-eabi/10.3.1/thumb/v7e-m+fp/hard/crti.o
 .bss           0x0000000000000000        0x0 /media/algobel/EXT4/stm32Freertos/makeself_dir_w3CniK/y/plugins/com.st.stm32cube.ide.mcu.externaltools.gnu-tools-for-stm32.10.3-2021.10.linux64_1.0.200.202301161003/tools/bin/../lib/gcc/arm-none-eabi/10.3.1/thumb/v7e-m+fp/hard/crti.o
 .data          0x0000000000000000        0x4 /media/algobel/EXT4/stm32Freertos/makeself_dir_w3CniK/y/plugins/com.st.stm32cube.ide.mcu.externaltools.gnu-tools-for-stm32.10.3-2021.10.linux64_1.0.200.202301161003/tools/bin/../lib/gcc/arm-none-eabi/10.3.1/thumb/v7e-m+fp/hard/crtbegin.o
 .rodata        0x0000000000000000       0x24 /media/algobel/EXT4/stm32Freertos/makeself_dir_w3CniK/y/plugins/com.st.stm32cube.ide.mcu.externaltools.gnu-tools-for-stm32.10.3-2021.10.linux64_1.0.200.202301161003/tools/bin/../lib/gcc/arm-none-eabi/10.3.1/thumb/v7e-m+fp/hard/crtbegin.o
 .text          0x0000000000000000       0x7c /media/algobel/EXT4/stm32Freertos/makeself_dir_w3CniK/y/plugins/com.st.stm32cube.ide.mcu.externaltools.gnu-tools-for-stm32.10.3-2021.10.linux64_1.0.200.202301161003/tools/bin/../lib/gcc/arm-none-eabi/10.3.1/../../../../arm-none-eabi/lib/thumb/v7e-m+fp/hard/crt0.o
 .data          0x0000000000000000        0x0 /media/algobel/EXT4/stm32Freertos/makeself_dir_w3CniK/y/plugins/com.st.stm32cube.ide.mcu.externaltools.gnu-tools-for-stm32.10.3-2021.10.linux64_1.0.200.202301161003/tools/bin/../lib/gcc/arm-none-eabi/10.3.1/../../../../arm-none-eabi/lib/thumb/v7e-m+fp/hard/crt0.o
 .bss           0x0000000000000000        0x0 /media/algobel/EXT4/stm32Freertos/makeself_dir_w3CniK/y/plugins/com.st.stm32cube.ide.mcu.externaltools.gnu-tools-for-stm32.10.3-2021.10.linux64_1.0.200.202301161003/tools/bin/../lib/gcc/arm-none-eabi/10.3.1/../../../../arm-none-eabi/lib/thumb/v7e-m+fp/hard/crt0.o
 .ARM.extab     0x0000000000000000        0x0 /media/algobel/EXT4/stm32Freertos/makeself_dir_w3CniK/y/plugins/com.st.stm32cube.ide.mcu.externaltools.gnu-tools-for-stm32.10.3-2021.10.linux64_1.0.200.202301161003/tools/bin/../lib/gcc/arm-none-eabi/10.3.1/../../../../arm-none-eabi/lib/thumb/v7e-m+fp/hard/crt0.o
 .ARM.exidx     0x0000000000000000       0x10 /media/algobel/EXT4/stm32Freertos/makeself_dir_w3CniK/y/plugins/com.st.stm32cube.ide.mcu.externaltools.gnu-tools-for-stm32.10.3-2021.10.linux64_1.0.200.202301161003/tools/bin/../lib/gcc/arm-none-eabi/10.3.1/../../../../arm-none-eabi/lib/thumb/v7e-m+fp/hard/crt0.o
 .ARM.attributes
                0x0000000000000000       0x1c /media/algobel/EXT4/stm32Freertos/makeself_dir_w3CniK/y/plugins/com.st.stm32cube.ide.mcu.externaltools.gnu-tools-for-stm32.10.3-2021.10.linux64_1.0.200.202301161003/tools/bin/../lib/gcc/arm-none-eabi/10.3.1/../../../../arm-none-eabi/lib/thumb/v7e-m+fp/hard/crt0.o
 .group         0x0000000000000000        0xc ./Src/test_led.o
 .group         0x0000000000000000        0xc ./Src/test_led.o
 .group         0x0000000000000000        0xc ./Src/test_led.o
 .group         0x0000000000000000        0xc ./Src/test_led.o
 .group         0x0000000000000000        0xc ./Src/test_led.o
 .group         0x0000000000000000        0xc ./Src/test_led.o
 .group         0x0000000000000000        0xc ./Src/test_led.o
 .group         0x0000000000000000        0xc ./Src/test_led.o
 .group         0x0000000000000000        0xc ./Src/test_led.o
 .text          0x0000000000000000        0x0 ./Src/test_led.o
 .data          0x0000000000000000        0x0 ./Src/test_led.o
 .bss           0x0000000000000000        0x0 ./Src/test_led.o
 .text.button   0x0000000000000000       0x18 ./Src/test_led.o
 .text          0x0000000000000000       0x14 ./Startup/startup_stm32l476rgtx.o
 .data          0x0000000000000000        0x0 ./Startup/startup_stm32l476rgtx.o
 .bss           0x0000000000000000        0x0 ./Startup/startup_stm32l476rgtx.o
 .group         0x0000000000000000        0xc ./drivers/src/stm32l476_gpio_drivers.o
 .group         0x0000000000000000        0xc ./drivers/src/stm32l476_gpio_drivers.o
 .group         0x0000000000000000        0xc ./drivers/src/stm32l476_gpio_drivers.o
 .group         0x0000000000000000        0xc ./drivers/src/stm32l476_gpio_drivers.o
 .group         0x0000000000000000        0xc ./drivers/src/stm32l476_gpio_drivers.o
 .group         0x0000000000000000        0xc ./drivers/src/stm32l476_gpio_drivers.o
 .group         0x0000000000000000        0xc ./drivers/src/stm32l476_gpio_drivers.o
 .group         0x0000000000000000        0xc ./drivers/src/stm32l476_gpio_drivers.o
 .group         0x0000000000000000        0xc ./drivers/src/stm32l476_gpio_drivers.o
 .text          0x0000000000000000        0x0 ./drivers/src/stm32l476_gpio_drivers.o
 .data          0x0000000000000000        0x0 ./drivers/src/stm32l476_gpio_drivers.o
 .bss           0x0000000000000000        0x0 ./drivers/src/stm32l476_gpio_drivers.o
 .text.GPIO_DeInit
                0x0000000000000000       0x14 ./drivers/src/stm32l476_gpio_drivers.o
 .text.GPIO_ReadFromInputPort
                0x0000000000000000       0x16 ./drivers/src/stm32l476_gpio_drivers.o
 .text.GPIO_WriteToOutputPort
                0x0000000000000000       0x18 ./drivers/src/stm32l476_gpio_drivers.o
 .text.GPIO_ToggleOutputPin
                0x0000000000000000       0x2a ./drivers/src/stm32l476_gpio_drivers.o
 .text.GPIO_IRQConfig
                0x0000000000000000       0x1e ./drivers/src/stm32l476_gpio_drivers.o
 .text.GPIO_IRQHandling
                0x0000000000000000       0x16 ./drivers/src/stm32l476_gpio_drivers.o
 .debug_macro   0x0000000000000000      0xa7e ./drivers/src/stm32l476_gpio_drivers.o
 .debug_macro   0x0000000000000000       0x22 ./drivers/src/stm32l476_gpio_drivers.o
 .debug_macro   0x0000000000000000       0x8e ./drivers/src/stm32l476_gpio_drivers.o
 .debug_macro   0x0000000000000000       0x51 ./drivers/src/stm32l476_gpio_drivers.o
 .debug_macro   0x0000000000000000      0x103 ./drivers/src/stm32l476_gpio_drivers.o
 .debug_macro   0x0000000000000000       0x6a ./drivers/src/stm32l476_gpio_drivers.o
 .debug_macro   0x0000000000000000      0x1df ./drivers/src/stm32l476_gpio_drivers.o
 .debug_macro   0x0000000000000000      0x1ea ./drivers/src/stm32l476_gpio_drivers.o
 .debug_macro   0x0000000000000000       0xc4 ./drivers/src/stm32l476_gpio_drivers.o
 .text          0x0000000000000000        0x0 /media/algobel/EXT4/stm32Freertos/makeself_dir_w3CniK/y/plugins/com.st.stm32cube.ide.mcu.externaltools.gnu-tools-for-stm32.10.3-2021.10.linux64_1.0.200.202301161003/tools/bin/../lib/gcc/arm-none-eabi/10.3.1/../../../../arm-none-eabi/lib/thumb/v7e-m+fp/hard/libc_nano.a(lib_a-exit.o)
 .data          0x0000000000000000        0x0 /media/algobel/EXT4/stm32Freertos/makeself_dir_w3CniK/y/plugins/com.st.stm32cube.ide.mcu.externaltools.gnu-tools-for-stm32.10.3-2021.10.linux64_1.0.200.202301161003/tools/bin/../lib/gcc/arm-none-eabi/10.3.1/../../../../arm-none-eabi/lib/thumb/v7e-m+fp/hard/libc_nano.a(lib_a-exit.o)
 .bss           0x0000000000000000        0x0 /media/algobel/EXT4/stm32Freertos/makeself_dir_w3CniK/y/plugins/com.st.stm32cube.ide.mcu.externaltools.gnu-tools-for-stm32.10.3-2021.10.linux64_1.0.200.202301161003/tools/bin/../lib/gcc/arm-none-eabi/10.3.1/../../../../arm-none-eabi/lib/thumb/v7e-m+fp/hard/libc_nano.a(lib_a-exit.o)
 .text.exit     0x0000000000000000       0x28 /media/algobel/EXT4/stm32Freertos/makeself_dir_w3CniK/y/plugins/com.st.stm32cube.ide.mcu.externaltools.gnu-tools-for-stm32.10.3-2021.10.linux64_1.0.200.202301161003/tools/bin/../lib/gcc/arm-none-eabi/10.3.1/../../../../arm-none-eabi/lib/thumb/v7e-m+fp/hard/libc_nano.a(lib_a-exit.o)
 .debug_frame   0x0000000000000000       0x28 /media/algobel/EXT4/stm32Freertos/makeself_dir_w3CniK/y/plugins/com.st.stm32cube.ide.mcu.externaltools.gnu-tools-for-stm32.10.3-2021.10.linux64_1.0.200.202301161003/tools/bin/../lib/gcc/arm-none-eabi/10.3.1/../../../../arm-none-eabi/lib/thumb/v7e-m+fp/hard/libc_nano.a(lib_a-exit.o)
 .ARM.attributes
                0x0000000000000000       0x34 /media/algobel/EXT4/stm32Freertos/makeself_dir_w3CniK/y/plugins/com.st.stm32cube.ide.mcu.externaltools.gnu-tools-for-stm32.10.3-2021.10.linux64_1.0.200.202301161003/tools/bin/../lib/gcc/arm-none-eabi/10.3.1/../../../../arm-none-eabi/lib/thumb/v7e-m+fp/hard/libc_nano.a(lib_a-exit.o)
 .text          0x0000000000000000        0x0 /media/algobel/EXT4/stm32Freertos/makeself_dir_w3CniK/y/plugins/com.st.stm32cube.ide.mcu.externaltools.gnu-tools-for-stm32.10.3-2021.10.linux64_1.0.200.202301161003/tools/bin/../lib/gcc/arm-none-eabi/10.3.1/../../../../arm-none-eabi/lib/thumb/v7e-m+fp/hard/libc_nano.a(lib_a-impure.o)
 .data          0x0000000000000000        0x0 /media/algobel/EXT4/stm32Freertos/makeself_dir_w3CniK/y/plugins/com.st.stm32cube.ide.mcu.externaltools.gnu-tools-for-stm32.10.3-2021.10.linux64_1.0.200.202301161003/tools/bin/../lib/gcc/arm-none-eabi/10.3.1/../../../../arm-none-eabi/lib/thumb/v7e-m+fp/hard/libc_nano.a(lib_a-impure.o)
 .bss           0x0000000000000000        0x0 /media/algobel/EXT4/stm32Freertos/makeself_dir_w3CniK/y/plugins/com.st.stm32cube.ide.mcu.externaltools.gnu-tools-for-stm32.10.3-2021.10.linux64_1.0.200.202301161003/tools/bin/../lib/gcc/arm-none-eabi/10.3.1/../../../../arm-none-eabi/lib/thumb/v7e-m+fp/hard/libc_nano.a(lib_a-impure.o)
 .data._impure_ptr
                0x0000000000000000        0x4 /media/algobel/EXT4/stm32Freertos/makeself_dir_w3CniK/y/plugins/com.st.stm32cube.ide.mcu.externaltools.gnu-tools-for-stm32.10.3-2021.10.linux64_1.0.200.202301161003/tools/bin/../lib/gcc/arm-none-eabi/10.3.1/../../../../arm-none-eabi/lib/thumb/v7e-m+fp/hard/libc_nano.a(lib_a-impure.o)
 .data.impure_data
                0x0000000000000000       0x60 /media/algobel/EXT4/stm32Freertos/makeself_dir_w3CniK/y/plugins/com.st.stm32cube.ide.mcu.externaltools.gnu-tools-for-stm32.10.3-2021.10.linux64_1.0.200.202301161003/tools/bin/../lib/gcc/arm-none-eabi/10.3.1/../../../../arm-none-eabi/lib/thumb/v7e-m+fp/hard/libc_nano.a(lib_a-impure.o)
 .rodata._global_impure_ptr
                0x0000000000000000        0x4 /media/algobel/EXT4/stm32Freertos/makeself_dir_w3CniK/y/plugins/com.st.stm32cube.ide.mcu.externaltools.gnu-tools-for-stm32.10.3-2021.10.linux64_1.0.200.202301161003/tools/bin/../lib/gcc/arm-none-eabi/10.3.1/../../../../arm-none-eabi/lib/thumb/v7e-m+fp/hard/libc_nano.a(lib_a-impure.o)
 .ARM.attributes
                0x0000000000000000       0x34 /media/algobel/EXT4/stm32Freertos/makeself_dir_w3CniK/y/plugins/com.st.stm32cube.ide.mcu.externaltools.gnu-tools-for-stm32.10.3-2021.10.linux64_1.0.200.202301161003/tools/bin/../lib/gcc/arm-none-eabi/10.3.1/../../../../arm-none-eabi/lib/thumb/v7e-m+fp/hard/libc_nano.a(lib_a-impure.o)
 .text          0x0000000000000000        0x0 /media/algobel/EXT4/stm32Freertos/makeself_dir_w3CniK/y/plugins/com.st.stm32cube.ide.mcu.externaltools.gnu-tools-for-stm32.10.3-2021.10.linux64_1.0.200.202301161003/tools/bin/../lib/gcc/arm-none-eabi/10.3.1/../../../../arm-none-eabi/lib/thumb/v7e-m+fp/hard/libc_nano.a(lib_a-init.o)
 .data          0x0000000000000000        0x0 /media/algobel/EXT4/stm32Freertos/makeself_dir_w3CniK/y/plugins/com.st.stm32cube.ide.mcu.externaltools.gnu-tools-for-stm32.10.3-2021.10.linux64_1.0.200.202301161003/tools/bin/../lib/gcc/arm-none-eabi/10.3.1/../../../../arm-none-eabi/lib/thumb/v7e-m+fp/hard/libc_nano.a(lib_a-init.o)
 .bss           0x0000000000000000        0x0 /media/algobel/EXT4/stm32Freertos/makeself_dir_w3CniK/y/plugins/com.st.stm32cube.ide.mcu.externaltools.gnu-tools-for-stm32.10.3-2021.10.linux64_1.0.200.202301161003/tools/bin/../lib/gcc/arm-none-eabi/10.3.1/../../../../arm-none-eabi/lib/thumb/v7e-m+fp/hard/libc_nano.a(lib_a-init.o)
 .text          0x0000000000000000        0x0 /media/algobel/EXT4/stm32Freertos/makeself_dir_w3CniK/y/plugins/com.st.stm32cube.ide.mcu.externaltools.gnu-tools-for-stm32.10.3-2021.10.linux64_1.0.200.202301161003/tools/bin/../lib/gcc/arm-none-eabi/10.3.1/../../../../arm-none-eabi/lib/thumb/v7e-m+fp/hard/libc_nano.a(lib_a-memset.o)
 .data          0x0000000000000000        0x0 /media/algobel/EXT4/stm32Freertos/makeself_dir_w3CniK/y/plugins/com.st.stm32cube.ide.mcu.externaltools.gnu-tools-for-stm32.10.3-2021.10.linux64_1.0.200.202301161003/tools/bin/../lib/gcc/arm-none-eabi/10.3.1/../../../../arm-none-eabi/lib/thumb/v7e-m+fp/hard/libc_nano.a(lib_a-memset.o)
 .bss           0x0000000000000000        0x0 /media/algobel/EXT4/stm32Freertos/makeself_dir_w3CniK/y/plugins/com.st.stm32cube.ide.mcu.externaltools.gnu-tools-for-stm32.10.3-2021.10.linux64_1.0.200.202301161003/tools/bin/../lib/gcc/arm-none-eabi/10.3.1/../../../../arm-none-eabi/lib/thumb/v7e-m+fp/hard/libc_nano.a(lib_a-memset.o)
 .text.memset   0x0000000000000000       0x10 /media/algobel/EXT4/stm32Freertos/makeself_dir_w3CniK/y/plugins/com.st.stm32cube.ide.mcu.externaltools.gnu-tools-for-stm32.10.3-2021.10.linux64_1.0.200.202301161003/tools/bin/../lib/gcc/arm-none-eabi/10.3.1/../../../../arm-none-eabi/lib/thumb/v7e-m+fp/hard/libc_nano.a(lib_a-memset.o)
 .debug_frame   0x0000000000000000       0x20 /media/algobel/EXT4/stm32Freertos/makeself_dir_w3CniK/y/plugins/com.st.stm32cube.ide.mcu.externaltools.gnu-tools-for-stm32.10.3-2021.10.linux64_1.0.200.202301161003/tools/bin/../lib/gcc/arm-none-eabi/10.3.1/../../../../arm-none-eabi/lib/thumb/v7e-m+fp/hard/libc_nano.a(lib_a-memset.o)
 .ARM.attributes
                0x0000000000000000       0x34 /media/algobel/EXT4/stm32Freertos/makeself_dir_w3CniK/y/plugins/com.st.stm32cube.ide.mcu.externaltools.gnu-tools-for-stm32.10.3-2021.10.linux64_1.0.200.202301161003/tools/bin/../lib/gcc/arm-none-eabi/10.3.1/../../../../arm-none-eabi/lib/thumb/v7e-m+fp/hard/libc_nano.a(lib_a-memset.o)
 .text          0x0000000000000000        0x0 /media/algobel/EXT4/stm32Freertos/makeself_dir_w3CniK/y/plugins/com.st.stm32cube.ide.mcu.externaltools.gnu-tools-for-stm32.10.3-2021.10.linux64_1.0.200.202301161003/tools/bin/../lib/gcc/arm-none-eabi/10.3.1/../../../../arm-none-eabi/lib/thumb/v7e-m+fp/hard/libnosys.a(_exit.o)
 .data          0x0000000000000000        0x0 /media/algobel/EXT4/stm32Freertos/makeself_dir_w3CniK/y/plugins/com.st.stm32cube.ide.mcu.externaltools.gnu-tools-for-stm32.10.3-2021.10.linux64_1.0.200.202301161003/tools/bin/../lib/gcc/arm-none-eabi/10.3.1/../../../../arm-none-eabi/lib/thumb/v7e-m+fp/hard/libnosys.a(_exit.o)
 .bss           0x0000000000000000        0x0 /media/algobel/EXT4/stm32Freertos/makeself_dir_w3CniK/y/plugins/com.st.stm32cube.ide.mcu.externaltools.gnu-tools-for-stm32.10.3-2021.10.linux64_1.0.200.202301161003/tools/bin/../lib/gcc/arm-none-eabi/10.3.1/../../../../arm-none-eabi/lib/thumb/v7e-m+fp/hard/libnosys.a(_exit.o)
 .text._exit    0x0000000000000000        0x2 /media/algobel/EXT4/stm32Freertos/makeself_dir_w3CniK/y/plugins/com.st.stm32cube.ide.mcu.externaltools.gnu-tools-for-stm32.10.3-2021.10.linux64_1.0.200.202301161003/tools/bin/../lib/gcc/arm-none-eabi/10.3.1/../../../../arm-none-eabi/lib/thumb/v7e-m+fp/hard/libnosys.a(_exit.o)
 .debug_frame   0x0000000000000000       0x20 /media/algobel/EXT4/stm32Freertos/makeself_dir_w3CniK/y/plugins/com.st.stm32cube.ide.mcu.externaltools.gnu-tools-for-stm32.10.3-2021.10.linux64_1.0.200.202301161003/tools/bin/../lib/gcc/arm-none-eabi/10.3.1/../../../../arm-none-eabi/lib/thumb/v7e-m+fp/hard/libnosys.a(_exit.o)
 .ARM.attributes
                0x0000000000000000       0x34 /media/algobel/EXT4/stm32Freertos/makeself_dir_w3CniK/y/plugins/com.st.stm32cube.ide.mcu.externaltools.gnu-tools-for-stm32.10.3-2021.10.linux64_1.0.200.202301161003/tools/bin/../lib/gcc/arm-none-eabi/10.3.1/../../../../arm-none-eabi/lib/thumb/v7e-m+fp/hard/libnosys.a(_exit.o)
 .text          0x0000000000000000        0x0 /media/algobel/EXT4/stm32Freertos/makeself_dir_w3CniK/y/plugins/com.st.stm32cube.ide.mcu.externaltools.gnu-tools-for-stm32.10.3-2021.10.linux64_1.0.200.202301161003/tools/bin/../lib/gcc/arm-none-eabi/10.3.1/thumb/v7e-m+fp/hard/crtend.o
 .data          0x0000000000000000        0x0 /media/algobel/EXT4/stm32Freertos/makeself_dir_w3CniK/y/plugins/com.st.stm32cube.ide.mcu.externaltools.gnu-tools-for-stm32.10.3-2021.10.linux64_1.0.200.202301161003/tools/bin/../lib/gcc/arm-none-eabi/10.3.1/thumb/v7e-m+fp/hard/crtend.o
 .bss           0x0000000000000000        0x0 /media/algobel/EXT4/stm32Freertos/makeself_dir_w3CniK/y/plugins/com.st.stm32cube.ide.mcu.externaltools.gnu-tools-for-stm32.10.3-2021.10.linux64_1.0.200.202301161003/tools/bin/../lib/gcc/arm-none-eabi/10.3.1/thumb/v7e-m+fp/hard/crtend.o
 .rodata        0x0000000000000000       0x24 /media/algobel/EXT4/stm32Freertos/makeself_dir_w3CniK/y/plugins/com.st.stm32cube.ide.mcu.externaltools.gnu-tools-for-stm32.10.3-2021.10.linux64_1.0.200.202301161003/tools/bin/../lib/gcc/arm-none-eabi/10.3.1/thumb/v7e-m+fp/hard/crtend.o
 .eh_frame      0x0000000000000000        0x4 /media/algobel/EXT4/stm32Freertos/makeself_dir_w3CniK/y/plugins/com.st.stm32cube.ide.mcu.externaltools.gnu-tools-for-stm32.10.3-2021.10.linux64_1.0.200.202301161003/tools/bin/../lib/gcc/arm-none-eabi/10.3.1/thumb/v7e-m+fp/hard/crtend.o
 .ARM.attributes
                0x0000000000000000       0x34 /media/algobel/EXT4/stm32Freertos/makeself_dir_w3CniK/y/plugins/com.st.stm32cube.ide.mcu.externaltools.gnu-tools-for-stm32.10.3-2021.10.linux64_1.0.200.202301161003/tools/bin/../lib/gcc/arm-none-eabi/10.3.1/thumb/v7e-m+fp/hard/crtend.o
 .text          0x0000000000000000        0x0 /media/algobel/EXT4/stm32Freertos/makeself_dir_w3CniK/y/plugins/com.st.stm32cube.ide.mcu.externaltools.gnu-tools-for-stm32.10.3-2021.10.linux64_1.0.200.202301161003/tools/bin/../lib/gcc/arm-none-eabi/10.3.1/thumb/v7e-m+fp/hard/crtn.o
 .data          0x0000000000000000        0x0 /media/algobel/EXT4/stm32Freertos/makeself_dir_w3CniK/y/plugins/com.st.stm32cube.ide.mcu.externaltools.gnu-tools-for-stm32.10.3-2021.10.linux64_1.0.200.202301161003/tools/bin/../lib/gcc/arm-none-eabi/10.3.1/thumb/v7e-m+fp/hard/crtn.o
 .bss           0x0000000000000000        0x0 /media/algobel/EXT4/stm32Freertos/makeself_dir_w3CniK/y/plugins/com.st.stm32cube.ide.mcu.externaltools.gnu-tools-for-stm32.10.3-2021.10.linux64_1.0.200.202301161003/tools/bin/../lib/gcc/arm-none-eabi/10.3.1/thumb/v7e-m+fp/hard/crtn.o

Memory Configuration

Name             Origin             Length             Attributes
RAM              0x0000000020000000 0x0000000000018000 xrw
SRAM2            0x0000000010000000 0x0000000000008000 xrw
FLASH            0x0000000008000000 0x0000000000100000 xr
*default*        0x0000000000000000 0xffffffffffffffff

Linker script and memory map

LOAD /media/algobel/EXT4/stm32Freertos/makeself_dir_w3CniK/y/plugins/com.st.stm32cube.ide.mcu.externaltools.gnu-tools-for-stm32.10.3-2021.10.linux64_1.0.200.202301161003/tools/bin/../lib/gcc/arm-none-eabi/10.3.1/thumb/v7e-m+fp/hard/crti.o
LOAD /media/algobel/EXT4/stm32Freertos/makeself_dir_w3CniK/y/plugins/com.st.stm32cube.ide.mcu.externaltools.gnu-tools-for-stm32.10.3-2021.10.linux64_1.0.200.202301161003/tools/bin/../lib/gcc/arm-none-eabi/10.3.1/thumb/v7e-m+fp/hard/crtbegin.o
LOAD /media/algobel/EXT4/stm32Freertos/makeself_dir_w3CniK/y/plugins/com.st.stm32cube.ide.mcu.externaltools.gnu-tools-for-stm32.10.3-2021.10.linux64_1.0.200.202301161003/tools/bin/../lib/gcc/arm-none-eabi/10.3.1/../../../../arm-none-eabi/lib/thumb/v7e-m+fp/hard/crt0.o
LOAD ./Src/test_led.o
LOAD ./Startup/startup_stm32l476rgtx.o
LOAD ./drivers/src/stm32l476_gpio_drivers.o
START GROUP
LOAD /media/algobel/EXT4/stm32Freertos/makeself_dir_w3CniK/y/plugins/com.st.stm32cube.ide.mcu.externaltools.gnu-tools-for-stm32.10.3-2021.10.linux64_1.0.200.202301161003/tools/bin/../lib/gcc/arm-none-eabi/10.3.1/../../../../arm-none-eabi/lib/thumb/v7e-m+fp/hard/libc_nano.a
LOAD /media/algobel/EXT4/stm32Freertos/makeself_dir_w3CniK/y/plugins/com.st.stm32cube.ide.mcu.externaltools.gnu-tools-for-stm32.10.3-2021.10.linux64_1.0.200.202301161003/tools/bin/../lib/gcc/arm-none-eabi/10.3.1/../../../../arm-none-eabi/lib/thumb/v7e-m+fp/hard/libm.a
END GROUP
START GROUP
LOAD /media/algobel/EXT4/stm32Freertos/makeself_dir_w3CniK/y/plugins/com.st.stm32cube.ide.mcu.externaltools.gnu-tools-for-stm32.10.3-2021.10.linux64_1.0.200.202301161003/tools/bin/../lib/gcc/arm-none-eabi/10.3.1/thumb/v7e-m+fp/hard/libgcc.a
LOAD /media/algobel/EXT4/stm32Freertos/makeself_dir_w3CniK/y/plugins/com.st.stm32cube.ide.mcu.externaltools.gnu-tools-for-stm32.10.3-2021.10.linux64_1.0.200.202301161003/tools/bin/../lib/gcc/arm-none-eabi/10.3.1/../../../../arm-none-eabi/lib/thumb/v7e-m+fp/hard/libc_nano.a
END GROUP
START GROUP
LOAD /media/algobel/EXT4/stm32Freertos/makeself_dir_w3CniK/y/plugins/com.st.stm32cube.ide.mcu.externaltools.gnu-tools-for-stm32.10.3-2021.10.linux64_1.0.200.202301161003/tools/bin/../lib/gcc/arm-none-eabi/10.3.1/thumb/v7e-m+fp/hard/libgcc.a
LOAD /media/algobel/EXT4/stm32Freertos/makeself_dir_w3CniK/y/plugins/com.st.stm32cube.ide.mcu.externaltools.gnu-tools-for-stm32.10.3-2021.10.linux64_1.0.200.202301161003/tools/bin/../lib/gcc/arm-none-eabi/10.3.1/../../../../arm-none-eabi/lib/thumb/v7e-m+fp/hard/libc_nano.a
LOAD /media/algobel/EXT4/stm32Freertos/makeself_dir_w3CniK/y/plugins/com.st.stm32cube.ide.mcu.externaltools.gnu-tools-for-stm32.10.3-2021.10.linux64_1.0.200.202301161003/tools/bin/../lib/gcc/arm-none-eabi/10.3.1/../../../../arm-none-eabi/lib/thumb/v7e-m+fp/hard/libnosys.a
END GROUP
START GROUP
LOAD /media/algobel/EXT4/stm32Freertos/makeself_dir_w3CniK/y/plugins/com.st.stm32cube.ide.mcu.externaltools.gnu-tools-for-stm32.10.3-2021.10.linux64_1.0.200.202301161003/tools/bin/../lib/gcc/arm-none-eabi/10.3.1/thumb/v7e-m+fp/hard/libgcc.a
LOAD /media/algobel/EXT4/stm32Freertos/makeself_dir_w3CniK/y/plugins/com.st.stm32cube.ide.mcu.externaltools.gnu-tools-for-stm32.10.3-2021.10.linux64_1.0.200.202301161003/tools/bin/../lib/gcc/arm-none-eabi/10.3.1/../../../../arm-none-eabi/lib/thumb/v7e-m+fp/hard/libc_nano.a
LOAD /media/algobel/EXT4/stm32Freertos/makeself_dir_w3CniK/y/plugins/com.st.stm32cube.ide.mcu.externaltools.gnu-tools-for-stm32.10.3-2021.10.linux64_1.0.200.202301161003/tools/bin/../lib/gcc/arm-none-eabi/10.3.1/../../../../arm-none-eabi/lib/thumb/v7e-m+fp/hard/libnosys.a
END GROUP
LOAD /media/algobel/EXT4/stm32Freertos/makeself_dir_w3CniK/y/plugins/com.st.stm32cube.ide.mcu.externaltools.gnu-tools-for-stm32.10.3-2021.10.linux64_1.0.200.202301161003/tools/bin/../lib/gcc/arm-none-eabi/10.3.1/thumb/v7e-m+fp/hard/crtend.o
LOAD /media/algobel/EXT4/stm32Freertos/makeself_dir_w3CniK/y/plugins/com.st.stm32cube.ide.mcu.externaltools.gnu-tools-for-stm32.10.3-2021.10.linux64_1.0.200.202301161003/tools/bin/../lib/gcc/arm-none-eabi/10.3.1/thumb/v7e-m+fp/hard/crtn.o
                0x0000000020018000                _estack = (ORIGIN (RAM) + LENGTH (RAM))
                0x0000000000000200                _Min_Heap_Size = 0x200
                0x0000000000000400                _Min_Stack_Size = 0x400

.isr_vector     0x0000000008000000      0x188
                0x0000000008000000                . = ALIGN (0x4)
 *(.isr_vector)
 .isr_vector    0x0000000008000000      0x188 ./Startup/startup_stm32l476rgtx.o
                0x0000000008000000                g_pfnVectors
                0x0000000008000188                . = ALIGN (0x4)

.text           0x0000000008000188      0x350
                0x0000000008000188                . = ALIGN (0x4)
 *(.text)
 .text          0x0000000008000188       0x40 /media/algobel/EXT4/stm32Freertos/makeself_dir_w3CniK/y/plugins/com.st.stm32cube.ide.mcu.externaltools.gnu-tools-for-stm32.10.3-2021.10.linux64_1.0.200.202301161003/tools/bin/../lib/gcc/arm-none-eabi/10.3.1/thumb/v7e-m+fp/hard/crtbegin.o
 *(.text*)
 .text.main     0x00000000080001c8       0x88 ./Src/test_led.o
                0x00000000080001c8                main
 .text.Reset_Handler
                0x0000000008000250       0x50 ./Startup/startup_stm32l476rgtx.o
                0x0000000008000250                Reset_Handler
 .text.Default_Handler
                0x00000000080002a0        0x2 ./Startup/startup_stm32l476rgtx.o
                0x00000000080002a0                EXTI2_IRQHandler
                0x00000000080002a0                TIM8_TRG_COM_IRQHandler
                0x00000000080002a0                TIM8_CC_IRQHandler
                0x00000000080002a0                DebugMon_Handler
                0x00000000080002a0                DMA1_CH4_IRQHandler
                0x00000000080002a0                TIM1_CC_IRQHandler
                0x00000000080002a0                TSC_IRQHandler
                0x00000000080002a0                HardFault_Handler
                0x00000000080002a0                SysTick_Handler
                0x00000000080002a0                TAMP_STAMP_IRQHandler
                0x00000000080002a0                PendSV_Handler
                0x00000000080002a0                NMI_Handler
                0x00000000080002a0                EXTI3_IRQHandler
                0x00000000080002a0                LPTIM2_IRQHandler
                0x00000000080002a0                DFSDM1_FLT1_IRQHandler
                0x00000000080002a0                I2C3_ER_IRQHandler
                0x00000000080002a0                DFSDM1_FLT2_IRQHandler
                0x00000000080002a0                TIM6_DACUNDER_IRQHandler
                0x00000000080002a0                EXTI0_IRQHandler
                0x00000000080002a0                I2C2_EV_IRQHandler
                0x00000000080002a0                DMA2_CH1_IRQHandler
                0x00000000080002a0                CAN1_RX0_IRQHandler
                0x00000000080002a0                FPU_IRQHandler
                0x00000000080002a0                TIM1_UP_TIM16_IRQHandler
                0x00000000080002a0                DMA2_CH7_IRQHandler
                0x00000000080002a0                UsageFault_Handler
                0x00000000080002a0                ADC1_2_IRQHandler
                0x00000000080002a0                SPI1_IRQHandler
                0x00000000080002a0                DMA1_CH7_IRQHandler
                0x00000000080002a0                TIM8_UP_IRQHandler
                0x00000000080002a0                RTC_ALARM_IRQHandler
                0x00000000080002a0                SAI2_IRQHandler
                0x00000000080002a0                DFSDM1_FLT3_IRQHandler
                0x00000000080002a0                DMA1_CH6_IRQHandler
                0x00000000080002a0                USART3_IRQHandler
                0x00000000080002a0                CAN1_RX1_IRQHandler
                0x00000000080002a0                LCD_IRQHandler
                0x00000000080002a0                UART5_IRQHandler
                0x00000000080002a0                ADC3_IRQHandler
                0x00000000080002a0                TIM4_IRQHandler
                0x00000000080002a0                QUADSPI_IRQHandler
                0x00000000080002a0                I2C1_EV_IRQHandler
                0x00000000080002a0                DMA2_CH5_IRQHandler
                0x00000000080002a0                UART4_IRQHandler
                0x00000000080002a0                DMA1_CH3_IRQHandler
                0x00000000080002a0                TIM3_IRQHandler
                0x00000000080002a0                RCC_IRQHandler
                0x00000000080002a0                Default_Handler
                0x00000000080002a0                EXTI15_10_IRQHandler
                0x00000000080002a0                TIM7_IRQHandler
                0x00000000080002a0                SDMMC1_IRQHandler
                0x00000000080002a0                TIM5_IRQHandler
                0x00000000080002a0                I2C3_EV_IRQHandler
                0x00000000080002a0                EXTI9_5_IRQHandler
                0x00000000080002a0                DMA1_CH2_IRQHandler
                0x00000000080002a0                RTC_WKUP_IRQHandler
                0x00000000080002a0                PVD_PVM_IRQHandler
                0x00000000080002a0                SPI2_IRQHandler
                0x00000000080002a0                DMA1_CH1_IRQHandler
                0x00000000080002a0                MemManage_Handler
                0x00000000080002a0                CAN1_TX_IRQHandler
                0x00000000080002a0                SVC_Handler
                0x00000000080002a0                EXTI4_IRQHandler
                0x00000000080002a0                RNG_IRQHandler
                0x00000000080002a0                TIM1_TRG_COM_TIM17_IRQHandler
                0x00000000080002a0                COMP_IRQHandler
                0x00000000080002a0                WWDG_IRQHandler
                0x00000000080002a0                LPUART1_IRQHandler
                0x00000000080002a0                TIM2_IRQHandler
                0x00000000080002a0                EXTI1_IRQHandler
                0x00000000080002a0                AES_IRQHandler
                0x00000000080002a0                USART2_IRQHandler
                0x00000000080002a0                DFSDM1_FLT0_IRQHandler
                0x00000000080002a0                I2C2_ER_IRQHandler
                0x00000000080002a0                TIM8_BRK_IRQHandler
                0x00000000080002a0                CAN1_SCE_IRQHandler
                0x00000000080002a0                FLASH_IRQHandler
                0x00000000080002a0                BusFault_Handler
                0x00000000080002a0                USART1_IRQHandler
                0x00000000080002a0                OTG_FS_IRQHandler
                0x00000000080002a0                SPI3_IRQHandler
                0x00000000080002a0                DMA2_CH6_IRQHandler
                0x00000000080002a0                DMA2_CH3_IRQHandler
                0x00000000080002a0                DMA2_CH2_IRQHandler
                0x00000000080002a0                I2C1_ER_IRQHandler
                0x00000000080002a0                FMC_IRQHandler
                0x00000000080002a0                DMA1_CH5_IRQHandler
                0x00000000080002a0                DMA2_CH4_IRQHandler
                0x00000000080002a0                SWPMI1_IRQHandler
                0x00000000080002a0                LPTIM1_IRQHandler
                0x00000000080002a0                SAI1_IRQHandler
                0x00000000080002a0                TIM1_BRK_TIM15_IRQHandler
 *fill*         0x00000000080002a2        0x2 
 .text.GPIO_PeriClockControl
                0x00000000080002a4       0x38 ./drivers/src/stm32l476_gpio_drivers.o
                0x00000000080002a4                GPIO_PeriClockControl
 .text.GPIO_Init
                0x00000000080002dc      0x126 ./drivers/src/stm32l476_gpio_drivers.o
                0x00000000080002dc                GPIO_Init
 .text.GPIO_ReadFromInputPin
                0x0000000008000402       0x2c ./drivers/src/stm32l476_gpio_drivers.o
                0x0000000008000402                GPIO_ReadFromInputPin
 .text.GPIO_WriteToOutputPin
                0x000000000800042e       0x4a ./drivers/src/stm32l476_gpio_drivers.o
                0x000000000800042e                GPIO_WriteToOutputPin
 .text.__libc_init_array
                0x0000000008000478       0x48 /media/algobel/EXT4/stm32Freertos/makeself_dir_w3CniK/y/plugins/com.st.stm32cube.ide.mcu.externaltools.gnu-tools-for-stm32.10.3-2021.10.linux64_1.0.200.202301161003/tools/bin/../lib/gcc/arm-none-eabi/10.3.1/../../../../arm-none-eabi/lib/thumb/v7e-m+fp/hard/libc_nano.a(lib_a-init.o)
                0x0000000008000478                __libc_init_array
 *(.glue_7)
 .glue_7        0x00000000080004c0        0x0 linker stubs
 *(.glue_7t)
 .glue_7t       0x00000000080004c0        0x0 linker stubs
 *(.eh_frame)
 .eh_frame      0x00000000080004c0        0x0 /media/algobel/EXT4/stm32Freertos/makeself_dir_w3CniK/y/plugins/com.st.stm32cube.ide.mcu.externaltools.gnu-tools-for-stm32.10.3-2021.10.linux64_1.0.200.202301161003/tools/bin/../lib/gcc/arm-none-eabi/10.3.1/thumb/v7e-m+fp/hard/crtbegin.o
 *(.init)
 .init          0x00000000080004c0        0x4 /media/algobel/EXT4/stm32Freertos/makeself_dir_w3CniK/y/plugins/com.st.stm32cube.ide.mcu.externaltools.gnu-tools-for-stm32.10.3-2021.10.linux64_1.0.200.202301161003/tools/bin/../lib/gcc/arm-none-eabi/10.3.1/thumb/v7e-m+fp/hard/crti.o
                0x00000000080004c0                _init
 .init          0x00000000080004c4        0x8 /media/algobel/EXT4/stm32Freertos/makeself_dir_w3CniK/y/plugins/com.st.stm32cube.ide.mcu.externaltools.gnu-tools-for-stm32.10.3-2021.10.linux64_1.0.200.202301161003/tools/bin/../lib/gcc/arm-none-eabi/10.3.1/thumb/v7e-m+fp/hard/crtn.o
 *(.fini)
 .fini          0x00000000080004cc        0x4 /media/algobel/EXT4/stm32Freertos/makeself_dir_w3CniK/y/plugins/com.st.stm32cube.ide.mcu.externaltools.gnu-tools-for-stm32.10.3-2021.10.linux64_1.0.200.202301161003/tools/bin/../lib/gcc/arm-none-eabi/10.3.1/thumb/v7e-m+fp/hard/crti.o
                0x00000000080004cc                _fini
 .fini          0x00000000080004d0        0x8 /media/algobel/EXT4/stm32Freertos/makeself_dir_w3CniK/y/plugins/com.st.stm32cube.ide.mcu.externaltools.gnu-tools-for-stm32.10.3-2021.10.linux64_1.0.200.202301161003/tools/bin/../lib/gcc/arm-none-eabi/10.3.1/thumb/v7e-m+fp/hard/crtn.o
                0x00000000080004d8                . = ALIGN (0x4)
                0x00000000080004d8                _etext = .

.vfp11_veneer   0x00000000080004d8        0x0
 .vfp11_veneer  0x00000000080004d8        0x0 linker stubs

.v4_bx          0x00000000080004d8        0x0
 .v4_bx         0x00000000080004d8        0x0 linker stubs

.iplt           0x00000000080004d8        0x0
 .iplt          0x00000000080004d8        0x0 /media/algobel/EXT4/stm32Freertos/makeself_dir_w3CniK/y/plugins/com.st.stm32cube.ide.mcu.externaltools.gnu-tools-for-stm32.10.3-2021.10.linux64_1.0.200.202301161003/tools/bin/../lib/gcc/arm-none-eabi/10.3.1/thumb/v7e-m+fp/hard/crtbegin.o

.rel.dyn        0x00000000080004d8        0x0
 .rel.iplt      0x00000000080004d8        0x0 /media/algobel/EXT4/stm32Freertos/makeself_dir_w3CniK/y/plugins/com.st.stm32cube.ide.mcu.externaltools.gnu-tools-for-stm32.10.3-2021.10.linux64_1.0.200.202301161003/tools/bin/../lib/gcc/arm-none-eabi/10.3.1/thumb/v7e-m+fp/hard/crtbegin.o

.rodata         0x00000000080004d8        0x0
                0x00000000080004d8                . = ALIGN (0x4)
 *(.rodata)
 *(.rodata*)
                0x00000000080004d8                . = ALIGN (0x4)

.ARM.extab      0x00000000080004d8        0x0
                0x00000000080004d8                . = ALIGN (0x4)
 *(.ARM.extab* .gnu.linkonce.armextab.*)
                0x00000000080004d8                . = ALIGN (0x4)

.ARM            0x00000000080004d8        0x0
                0x00000000080004d8                . = ALIGN (0x4)
                0x00000000080004d8                __exidx_start = .
 *(.ARM.exidx*)
                0x00000000080004d8                __exidx_end = .
                0x00000000080004d8                . = ALIGN (0x4)

.preinit_array  0x00000000080004d8        0x0
                0x00000000080004d8                . = ALIGN (0x4)
                0x00000000080004d8                PROVIDE (__preinit_array_start = .)
 *(.preinit_array*)
                0x00000000080004d8                PROVIDE (__preinit_array_end = .)
                0x00000000080004d8                . = ALIGN (0x4)

.init_array     0x00000000080004d8        0x4
                0x00000000080004d8                . = ALIGN (0x4)
                0x00000000080004d8                PROVIDE (__init_array_start = .)
 *(SORT_BY_NAME(.init_array.*))
 *(.init_array*)
 .init_array    0x00000000080004d8        0x4 /media/algobel/EXT4/stm32Freertos/makeself_dir_w3CniK/y/plugins/com.st.stm32cube.ide.mcu.externaltools.gnu-tools-for-stm32.10.3-2021.10.linux64_1.0.200.202301161003/tools/bin/../lib/gcc/arm-none-eabi/10.3.1/thumb/v7e-m+fp/hard/crtbegin.o
                0x00000000080004dc                PROVIDE (__init_array_end = .)
                0x00000000080004dc                . = ALIGN (0x4)

.fini_array     0x00000000080004dc        0x4
                0x00000000080004dc                . = ALIGN (0x4)
                [!provide]                        PROVIDE (__fini_array_start = .)
 *(SORT_BY_NAME(.fini_array.*))
 *(.fini_array*)
 .fini_array    0x00000000080004dc        0x4 /media/algobel/EXT4/stm32Freertos/makeself_dir_w3CniK/y/plugins/com.st.stm32cube.ide.mcu.externaltools.gnu-tools-for-stm32.10.3-2021.10.linux64_1.0.200.202301161003/tools/bin/../lib/gcc/arm-none-eabi/10.3.1/thumb/v7e-m+fp/hard/crtbegin.o
                [!provide]                        PROVIDE (__fini_array_end = .)
                0x00000000080004e0                . = ALIGN (0x4)
                0x00000000080004e0                _sidata = LOADADDR (.data)

.data           0x0000000020000000        0x0 load address 0x00000000080004e0
                0x0000000020000000                . = ALIGN (0x4)
                0x0000000020000000                _sdata = .
 *(.data)
 *(.data*)
 *(.RamFunc)
 *(.RamFunc*)
                0x0000000020000000                . = ALIGN (0x4)
                0x0000000020000000                _edata = .
                0x00000000080004e0                _sisram2 = LOADADDR (.sram2)

.igot.plt       0x0000000020000000        0x0 load address 0x00000000080004e0
 .igot.plt      0x0000000020000000        0x0 /media/algobel/EXT4/stm32Freertos/makeself_dir_w3CniK/y/plugins/com.st.stm32cube.ide.mcu.externaltools.gnu-tools-for-stm32.10.3-2021.10.linux64_1.0.200.202301161003/tools/bin/../lib/gcc/arm-none-eabi/10.3.1/thumb/v7e-m+fp/hard/crtbegin.o

.sram2          0x0000000010000000        0x0 load address 0x00000000080004e0
                0x0000000010000000                . = ALIGN (0x4)
                0x0000000010000000                _ssram2 = .
 *(.sram2)
 *(.sram2*)
                0x0000000010000000                . = ALIGN (0x4)
                0x0000000010000000                _esram2 = .
                0x0000000010000000                . = ALIGN (0x4)

.bss            0x0000000020000000       0x1c
                0x0000000020000000                _sbss = .
                0x0000000020000000                __bss_start__ = _sbss
 *(.bss)
 .bss           0x0000000020000000       0x1c /media/algobel/EXT4/stm32Freertos/makeself_dir_w3CniK/y/plugins/com.st.stm32cube.ide.mcu.externaltools.gnu-tools-for-stm32.10.3-2021.10.linux64_1.0.200.202301161003/tools/bin/../lib/gcc/arm-none-eabi/10.3.1/thumb/v7e-m+fp/hard/crtbegin.o
 *(.bss*)
 *(COMMON)
                0x000000002000001c                . = ALIGN (0x4)
                0x000000002000001c                _ebss = .
                0x000000002000001c                __bss_end__ = _ebss

._user_heap_stack
                0x000000002000001c      0x604
                0x0000000020000020                . = ALIGN (0x8)
 *fill*         0x000000002000001c        0x4 
                [!provide]                        PROVIDE (end = .)
                [!provide]                        PROVIDE (_end = .)
                0x0000000020000220                . = (. + _Min_Heap_Size)
 *fill*         0x0000000020000020      0x200 
                0x0000000020000620                . = (. + _Min_Stack_Size)
 *fill*         0x0000000020000220      0x400 
                0x0000000020000620                . = ALIGN (0x8)

/DISCARD/
 libc.a(*)
 libm.a(*)
 libgcc.a(*)

.ARM.attributes
                0x0000000000000000       0x30
 *(.ARM.attributes)
 .ARM.attributes
                0x0000000000000000       0x1e /media/algobel/EXT4/stm32Freertos/makeself_dir_w3CniK/y/plugins/com.st.stm32cube.ide.mcu.externaltools.gnu-tools-for-stm32.10.3-2021.10.linux64_1.0.200.202301161003/tools/bin/../lib/gcc/arm-none-eabi/10.3.1/thumb/v7e-m+fp/hard/crti.o
 .ARM.attributes
                0x000000000000001e       0x34 /media/algobel/EXT4/stm32Freertos/makeself_dir_w3CniK/y/plugins/com.st.stm32cube.ide.mcu.externaltools.gnu-tools-for-stm32.10.3-2021.10.linux64_1.0.200.202301161003/tools/bin/../lib/gcc/arm-none-eabi/10.3.1/thumb/v7e-m+fp/hard/crtbegin.o
 .ARM.attributes
                0x0000000000000052       0x34 ./Src/test_led.o
 .ARM.attributes
                0x0000000000000086       0x21 ./Startup/startup_stm32l476rgtx.o
 .ARM.attributes
                0x00000000000000a7       0x34 ./drivers/src/stm32l476_gpio_drivers.o
 .ARM.attributes
                0x00000000000000db       0x34 /media/algobel/EXT4/stm32Freertos/makeself_dir_w3CniK/y/plugins/com.st.stm32cube.ide.mcu.externaltools.gnu-tools-for-stm32.10.3-2021.10.linux64_1.0.200.202301161003/tools/bin/../lib/gcc/arm-none-eabi/10.3.1/../../../../arm-none-eabi/lib/thumb/v7e-m+fp/hard/libc_nano.a(lib_a-init.o)
 .ARM.attributes
                0x000000000000010f       0x1e /media/algobel/EXT4/stm32Freertos/makeself_dir_w3CniK/y/plugins/com.st.stm32cube.ide.mcu.externaltools.gnu-tools-for-stm32.10.3-2021.10.linux64_1.0.200.202301161003/tools/bin/../lib/gcc/arm-none-eabi/10.3.1/thumb/v7e-m+fp/hard/crtn.o
OUTPUT(stm32l476xx_drivers.elf elf32-littlearm)
LOAD linker stubs
LOAD /media/algobel/EXT4/stm32Freertos/makeself_dir_w3CniK/y/plugins/com.st.stm32cube.ide.mcu.externaltools.gnu-tools-for-stm32.10.3-2021.10.linux64_1.0.200.202301161003/tools/bin/../lib/gcc/arm-none-eabi/10.3.1/../../../../arm-none-eabi/lib/thumb/v7e-m+fp/hard/libc.a
LOAD /media/algobel/EXT4/stm32Freertos/makeself_dir_w3CniK/y/plugins/com.st.stm32cube.ide.mcu.externaltools.gnu-tools-for-stm32.10.3-2021.10.linux64_1.0.200.202301161003/tools/bin/../lib/gcc/arm-none-eabi/10.3.1/../../../../arm-none-eabi/lib/thumb/v7e-m+fp/hard/libm.a
LOAD /media/algobel/EXT4/stm32Freertos/makeself_dir_w3CniK/y/plugins/com.st.stm32cube.ide.mcu.externaltools.gnu-tools-for-stm32.10.3-2021.10.linux64_1.0.200.202301161003/tools/bin/../lib/gcc/arm-none-eabi/10.3.1/thumb/v7e-m+fp/hard/libgcc.a

.debug_info     0x0000000000000000      0x923
 .debug_info    0x0000000000000000      0x2d2 ./Src/test_led.o
 .debug_info    0x00000000000002d2       0x22 ./Startup/startup_stm32l476rgtx.o
 .debug_info    0x00000000000002f4      0x62f ./drivers/src/stm32l476_gpio_drivers.o

.debug_abbrev   0x0000000000000000      0x242
 .debug_abbrev  0x0000000000000000      0x12d ./Src/test_led.o
 .debug_abbrev  0x000000000000012d       0x12 ./Startup/startup_stm32l476rgtx.o
 .debug_abbrev  0x000000000000013f      0x103 ./drivers/src/stm32l476_gpio_drivers.o

.debug_aranges  0x0000000000000000       0xb8
 .debug_aranges
                0x0000000000000000       0x28 ./Src/test_led.o
 .debug_aranges
                0x0000000000000028       0x28 ./Startup/startup_stm32l476rgtx.o
 .debug_aranges
                0x0000000000000050       0x68 ./drivers/src/stm32l476_gpio_drivers.o

.debug_ranges   0x0000000000000000       0x90
 .debug_ranges  0x0000000000000000       0x18 ./Src/test_led.o
 .debug_ranges  0x0000000000000018       0x20 ./Startup/startup_stm32l476rgtx.o
 .debug_ranges  0x0000000000000038       0x58 ./drivers/src/stm32l476_gpio_drivers.o

.debug_macro    0x0000000000000000     0x128a
 .debug_macro   0x0000000000000000       0x86 ./Src/test_led.o
 .debug_macro   0x0000000000000086      0xa7e ./Src/test_led.o
 .debug_macro   0x0000000000000b04       0x22 ./Src/test_led.o
 .debug_macro   0x0000000000000b26       0x8e ./Src/test_led.o
 .debug_macro   0x0000000000000bb4       0x51 ./Src/test_led.o
 .debug_macro   0x0000000000000c05      0x103 ./Src/test_led.o
 .debug_macro   0x0000000000000d08       0x6a ./Src/test_led.o
 .debug_macro   0x0000000000000d72      0x1df ./Src/test_led.o
 .debug_macro   0x0000000000000f51      0x1ea ./Src/test_led.o
 .debug_macro   0x000000000000113b       0xc4 ./Src/test_led.o
 .debug_macro   0x00000000000011ff       0x8b ./drivers/src/stm32l476_gpio_drivers.o

.debug_line     0x0000000000000000      0xb57
 .debug_line    0x0000000000000000      0x49f ./Src/test_led.o
 .debug_line    0x000000000000049f       0x84 ./Startup/startup_stm32l476rgtx.o
 .debug_line    0x0000000000000523      0x634 ./drivers/src/stm32l476_gpio_drivers.o

.debug_str      0x0000000000000000     0x4d18
 .debug_str     0x0000000000000000     0x4ace ./Src/test_led.o
                                       0x4c3a (size before relaxing)
 .debug_str     0x0000000000004ace       0x31 ./Startup/startup_stm32l476rgtx.o
                                         0x88 (size before relaxing)
 .debug_str     0x0000000000004aff      0x219 ./drivers/src/stm32l476_gpio_drivers.o
                                       0x4e37 (size before relaxing)

.comment        0x0000000000000000       0x50
 .comment       0x0000000000000000       0x50 ./Src/test_led.o
                                         0x51 (size before relaxing)
 .comment       0x0000000000000050       0x51 ./drivers/src/stm32l476_gpio_drivers.o

.debug_frame    0x0000000000000000      0x224
 .debug_frame   0x0000000000000000       0x58 ./Src/test_led.o
 .debug_frame   0x0000000000000058      0x1a0 ./drivers/src/stm32l476_gpio_drivers.o
 .debug_frame   0x00000000000001f8       0x2c /media/algobel/EXT4/stm32Freertos/makeself_dir_w3CniK/y/plugins/com.st.stm32cube.ide.mcu.externaltools.gnu-tools-for-stm32.10.3-2021.10.linux64_1.0.200.202301161003/tools/bin/../lib/gcc/arm-none-eabi/10.3.1/../../../../arm-none-eabi/lib/thumb/v7e-m+fp/hard/libc_nano.a(lib_a-init.o)
